[2022-04-21T00:03:25.362-0400][gc,heap] Heap region size: 1M
[2022-04-21T00:03:25.372-0400][gc     ] Using G1
[2022-04-21T00:03:25.372-0400][gc,heap,coops] Heap address: 0x00000000c0000000, size: 1024 MB, Compressed Oops mode: 32-bit
[2022-04-21T00:03:25.372-0400][gc,cds       ] Mark closed archive regions in map: [0x00000000ffc00000, 0x00000000ffc6aff8]
[2022-04-21T00:03:25.372-0400][gc,cds       ] Mark open archive regions in map: [0x00000000ff800000, 0x00000000ff846ff8]
[2022-04-21T00:03:26.053-0400][gc,start     ] GC(0) Pause Young (Normal) (G1 Evacuation Pause)
[2022-04-21T00:03:26.055-0400][gc,task      ] GC(0) Using 24 workers of 33 for evacuation
[2022-04-21T00:03:26.063-0400][gc,phases    ] GC(0)   Pre Evacuate Collection Set: 0.0ms
[2022-04-21T00:03:26.063-0400][gc,phases    ] GC(0)   Evacuate Collection Set: 7.4ms
[2022-04-21T00:03:26.063-0400][gc,phases    ] GC(0)   Post Evacuate Collection Set: 0.5ms
[2022-04-21T00:03:26.063-0400][gc,phases    ] GC(0)   Other: 1.9ms
[2022-04-21T00:03:26.063-0400][gc,heap      ] GC(0) Eden regions: 51->0(44)
[2022-04-21T00:03:26.063-0400][gc,heap      ] GC(0) Survivor regions: 0->7(7)
[2022-04-21T00:03:26.063-0400][gc,heap      ] GC(0) Old regions: 2->2
[2022-04-21T00:03:26.063-0400][gc,heap      ] GC(0) Humongous regions: 0->0
[2022-04-21T00:03:26.063-0400][gc,metaspace ] GC(0) Metaspace: 16298K->16298K(1064960K)
[2022-04-21T00:03:26.063-0400][gc           ] GC(0) Pause Young (Normal) (G1 Evacuation Pause) 51M->7M(1024M) 9.909ms
[2022-04-21T00:03:26.063-0400][gc,cpu       ] GC(0) User=0.12s Sys=0.05s Real=0.01s
[2022-04-21T00:03:26.210-0400][gc,start     ] GC(1) Pause Young (Concurrent Start) (Metadata GC Threshold)
[2022-04-21T00:03:26.210-0400][gc,task      ] GC(1) Using 24 workers of 33 for evacuation
[2022-04-21T00:03:26.217-0400][gc,phases    ] GC(1)   Pre Evacuate Collection Set: 0.1ms
[2022-04-21T00:03:26.217-0400][gc,phases    ] GC(1)   Evacuate Collection Set: 6.2ms
[2022-04-21T00:03:26.217-0400][gc,phases    ] GC(1)   Post Evacuate Collection Set: 0.4ms
[2022-04-21T00:03:26.217-0400][gc,phases    ] GC(1)   Other: 0.4ms
[2022-04-21T00:03:26.217-0400][gc,heap      ] GC(1) Eden regions: 18->0(49)
[2022-04-21T00:03:26.217-0400][gc,heap      ] GC(1) Survivor regions: 7->2(7)
[2022-04-21T00:03:26.217-0400][gc,heap      ] GC(1) Old regions: 2->9
[2022-04-21T00:03:26.217-0400][gc,heap      ] GC(1) Humongous regions: 0->0
[2022-04-21T00:03:26.217-0400][gc,metaspace ] GC(1) Metaspace: 20587K->20587K(1067008K)
[2022-04-21T00:03:26.217-0400][gc           ] GC(1) Pause Young (Concurrent Start) (Metadata GC Threshold) 24M->7M(1024M) 7.077ms
[2022-04-21T00:03:26.217-0400][gc,cpu       ] GC(1) User=0.07s Sys=0.01s Real=0.01s
[2022-04-21T00:03:26.217-0400][gc           ] GC(2) Concurrent Cycle
[2022-04-21T00:03:26.217-0400][gc,marking   ] GC(2) Concurrent Clear Claimed Marks
[2022-04-21T00:03:26.217-0400][gc,marking   ] GC(2) Concurrent Clear Claimed Marks 0.011ms
[2022-04-21T00:03:26.217-0400][gc,marking   ] GC(2) Concurrent Scan Root Regions
[2022-04-21T00:03:26.218-0400][gc,marking   ] GC(2) Concurrent Scan Root Regions 1.228ms
[2022-04-21T00:03:26.218-0400][gc,marking   ] GC(2) Concurrent Mark (0.879s)
[2022-04-21T00:03:26.218-0400][gc,marking   ] GC(2) Concurrent Mark From Roots
[2022-04-21T00:03:26.219-0400][gc,task      ] GC(2) Using 8 workers of 8 for marking
[2022-04-21T00:03:26.222-0400][gc,marking   ] GC(2) Concurrent Mark From Roots 3.637ms
[2022-04-21T00:03:26.222-0400][gc,marking   ] GC(2) Concurrent Preclean
[2022-04-21T00:03:26.222-0400][gc,marking   ] GC(2) Concurrent Preclean 0.153ms
[2022-04-21T00:03:26.222-0400][gc,marking   ] GC(2) Concurrent Mark (0.879s, 0.883s) 3.806ms
[2022-04-21T00:03:26.222-0400][gc,start     ] GC(2) Pause Remark
[2022-04-21T00:03:26.223-0400][gc,stringtable] GC(2) Cleaned string and symbol table, strings: 4966 processed, 0 removed, symbols: 49651 processed, 50 removed
[2022-04-21T00:03:26.224-0400][gc            ] GC(2) Pause Remark 8M->8M(1024M) 1.589ms
[2022-04-21T00:03:26.224-0400][gc,cpu        ] GC(2) User=0.02s Sys=0.00s Real=0.00s
[2022-04-21T00:03:26.224-0400][gc,marking    ] GC(2) Concurrent Rebuild Remembered Sets
[2022-04-21T00:03:26.225-0400][gc,marking    ] GC(2) Concurrent Rebuild Remembered Sets 1.517ms
[2022-04-21T00:03:26.226-0400][gc,start      ] GC(2) Pause Cleanup
[2022-04-21T00:03:26.226-0400][gc            ] GC(2) Pause Cleanup 8M->8M(1024M) 0.170ms
[2022-04-21T00:03:26.226-0400][gc,cpu        ] GC(2) User=0.00s Sys=0.00s Real=0.00s
[2022-04-21T00:03:26.226-0400][gc,marking    ] GC(2) Concurrent Cleanup for Next Mark
[2022-04-21T00:03:26.227-0400][gc,marking    ] GC(2) Concurrent Cleanup for Next Mark 1.122ms
[2022-04-21T00:03:26.227-0400][gc            ] GC(2) Concurrent Cycle 10.171ms
[2022-04-21T00:03:26.575-0400][gc,start      ] GC(3) Pause Young (Normal) (G1 Evacuation Pause)
[2022-04-21T00:03:26.575-0400][gc,task       ] GC(3) Using 28 workers of 33 for evacuation
[2022-04-21T00:03:26.578-0400][gc,phases     ] GC(3)   Pre Evacuate Collection Set: 0.0ms
[2022-04-21T00:03:26.578-0400][gc,phases     ] GC(3)   Evacuate Collection Set: 1.9ms
[2022-04-21T00:03:26.578-0400][gc,phases     ] GC(3)   Post Evacuate Collection Set: 0.5ms
[2022-04-21T00:03:26.578-0400][gc,phases     ] GC(3)   Other: 0.4ms
[2022-04-21T00:03:26.578-0400][gc,heap       ] GC(3) Eden regions: 49->0(46)
[2022-04-21T00:03:26.578-0400][gc,heap       ] GC(3) Survivor regions: 2->5(7)
[2022-04-21T00:03:26.578-0400][gc,heap       ] GC(3) Old regions: 9->9
[2022-04-21T00:03:26.578-0400][gc,heap       ] GC(3) Humongous regions: 129->129
[2022-04-21T00:03:26.578-0400][gc,metaspace  ] GC(3) Metaspace: 29866K->29866K(1077248K)
[2022-04-21T00:03:26.578-0400][gc            ] GC(3) Pause Young (Normal) (G1 Evacuation Pause) 185M->140M(1024M) 2.962ms
[2022-04-21T00:03:26.578-0400][gc,cpu        ] GC(3) User=0.05s Sys=0.01s Real=0.00s
[2022-04-21T00:03:26.747-0400][gc,start      ] GC(4) Pause Young (Concurrent Start) (Metadata GC Threshold)
[2022-04-21T00:03:26.748-0400][gc,task       ] GC(4) Using 33 workers of 33 for evacuation
[2022-04-21T00:03:26.753-0400][gc,phases     ] GC(4)   Pre Evacuate Collection Set: 0.2ms
[2022-04-21T00:03:26.753-0400][gc,phases     ] GC(4)   Evacuate Collection Set: 3.8ms
[2022-04-21T00:03:26.753-0400][gc,phases     ] GC(4)   Post Evacuate Collection Set: 0.5ms
[2022-04-21T00:03:26.753-0400][gc,phases     ] GC(4)   Other: 0.8ms
[2022-04-21T00:03:26.753-0400][gc,heap       ] GC(4) Eden regions: 24->0(49)
[2022-04-21T00:03:26.753-0400][gc,heap       ] GC(4) Survivor regions: 5->2(7)
[2022-04-21T00:03:26.753-0400][gc,heap       ] GC(4) Old regions: 9->13
[2022-04-21T00:03:26.753-0400][gc,heap       ] GC(4) Humongous regions: 129->129
[2022-04-21T00:03:26.753-0400][gc,metaspace  ] GC(4) Metaspace: 34432K->34432K(1081344K)
[2022-04-21T00:03:26.753-0400][gc            ] GC(4) Pause Young (Concurrent Start) (Metadata GC Threshold) 163M->142M(1024M) 5.371ms
[2022-04-21T00:03:26.753-0400][gc,cpu        ] GC(4) User=0.08s Sys=0.04s Real=0.01s
[2022-04-21T00:03:26.753-0400][gc            ] GC(5) Concurrent Cycle
[2022-04-21T00:03:26.753-0400][gc,marking    ] GC(5) Concurrent Clear Claimed Marks
[2022-04-21T00:03:26.753-0400][gc,marking    ] GC(5) Concurrent Clear Claimed Marks 0.021ms
[2022-04-21T00:03:26.753-0400][gc,marking    ] GC(5) Concurrent Scan Root Regions
[2022-04-21T00:03:26.754-0400][gc,marking    ] GC(5) Concurrent Scan Root Regions 1.136ms
[2022-04-21T00:03:26.754-0400][gc,marking    ] GC(5) Concurrent Mark (1.415s)
[2022-04-21T00:03:26.754-0400][gc,marking    ] GC(5) Concurrent Mark From Roots
[2022-04-21T00:03:26.754-0400][gc,task       ] GC(5) Using 8 workers of 8 for marking
[2022-04-21T00:03:26.759-0400][gc,marking    ] GC(5) Concurrent Mark From Roots 4.814ms
[2022-04-21T00:03:26.759-0400][gc,marking    ] GC(5) Concurrent Preclean
[2022-04-21T00:03:26.759-0400][gc,marking    ] GC(5) Concurrent Preclean 0.176ms
[2022-04-21T00:03:26.759-0400][gc,marking    ] GC(5) Concurrent Mark (1.415s, 1.420s) 5.013ms
[2022-04-21T00:03:26.759-0400][gc,start      ] GC(5) Pause Remark
[2022-04-21T00:03:26.761-0400][gc,stringtable] GC(5) Cleaned string and symbol table, strings: 9673 processed, 12 removed, symbols: 79031 processed, 25 removed
[2022-04-21T00:03:26.761-0400][gc            ] GC(5) Pause Remark 142M->142M(1024M) 2.190ms
[2022-04-21T00:03:26.761-0400][gc,cpu        ] GC(5) User=0.05s Sys=0.01s Real=0.00s
[2022-04-21T00:03:26.761-0400][gc,marking    ] GC(5) Concurrent Rebuild Remembered Sets
[2022-04-21T00:03:26.764-0400][gc,marking    ] GC(5) Concurrent Rebuild Remembered Sets 2.354ms
[2022-04-21T00:03:26.764-0400][gc,start      ] GC(5) Pause Cleanup
[2022-04-21T00:03:26.764-0400][gc            ] GC(5) Pause Cleanup 142M->142M(1024M) 0.140ms
[2022-04-21T00:03:26.764-0400][gc,cpu        ] GC(5) User=0.00s Sys=0.00s Real=0.00s
[2022-04-21T00:03:26.764-0400][gc,marking    ] GC(5) Concurrent Cleanup for Next Mark
[2022-04-21T00:03:26.765-0400][gc,marking    ] GC(5) Concurrent Cleanup for Next Mark 1.022ms
[2022-04-21T00:03:26.765-0400][gc            ] GC(5) Concurrent Cycle 12.193ms
[2022-04-21T00:05:51.962-0400][gc,heap,exit  ] Heap
[2022-04-21T00:05:51.962-0400][gc,heap,exit  ]  garbage-first heap   total 1048576K, used 168961K [0x00000000c0000000, 0x0000000100000000)
[2022-04-21T00:05:51.962-0400][gc,heap,exit  ]   region size 1024K, 26 young (26624K), 2 survivors (2048K)
[2022-04-21T00:05:51.963-0400][gc,heap,exit  ]  Metaspace       used 35983K, capacity 37527K, committed 37760K, reserved 1081344K
[2022-04-21T00:05:51.963-0400][gc,heap,exit  ]   class space    used 4561K, capacity 5291K, committed 5376K, reserved 1048576K
