[2022-04-21T00:22:03.418-0400][gc,heap] Heap region size: 1M
[2022-04-21T00:22:03.428-0400][gc     ] Using G1
[2022-04-21T00:22:03.428-0400][gc,heap,coops] Heap address: 0x00000000c0000000, size: 1024 MB, Compressed Oops mode: 32-bit
[2022-04-21T00:22:03.428-0400][gc,cds       ] Mark closed archive regions in map: [0x00000000ffc00000, 0x00000000ffc6aff8]
[2022-04-21T00:22:03.428-0400][gc,cds       ] Mark open archive regions in map: [0x00000000ff800000, 0x00000000ff846ff8]
[2022-04-21T00:22:04.095-0400][gc,start     ] GC(0) Pause Young (Normal) (G1 Evacuation Pause)
[2022-04-21T00:22:04.097-0400][gc,task      ] GC(0) Using 24 workers of 33 for evacuation
[2022-04-21T00:22:04.106-0400][gc,phases    ] GC(0)   Pre Evacuate Collection Set: 0.0ms
[2022-04-21T00:22:04.106-0400][gc,phases    ] GC(0)   Evacuate Collection Set: 8.7ms
[2022-04-21T00:22:04.106-0400][gc,phases    ] GC(0)   Post Evacuate Collection Set: 0.5ms
[2022-04-21T00:22:04.106-0400][gc,phases    ] GC(0)   Other: 1.7ms
[2022-04-21T00:22:04.106-0400][gc,heap      ] GC(0) Eden regions: 51->0(44)
[2022-04-21T00:22:04.106-0400][gc,heap      ] GC(0) Survivor regions: 0->7(7)
[2022-04-21T00:22:04.106-0400][gc,heap      ] GC(0) Old regions: 2->2
[2022-04-21T00:22:04.106-0400][gc,heap      ] GC(0) Humongous regions: 0->0
[2022-04-21T00:22:04.106-0400][gc,metaspace ] GC(0) Metaspace: 16188K->16188K(1064960K)
[2022-04-21T00:22:04.106-0400][gc           ] GC(0) Pause Young (Normal) (G1 Evacuation Pause) 51M->7M(1024M) 10.946ms
[2022-04-21T00:22:04.106-0400][gc,cpu       ] GC(0) User=0.13s Sys=0.03s Real=0.01s
[2022-04-21T00:22:04.253-0400][gc,start     ] GC(1) Pause Young (Concurrent Start) (Metadata GC Threshold)
[2022-04-21T00:22:04.253-0400][gc,task      ] GC(1) Using 24 workers of 33 for evacuation
[2022-04-21T00:22:04.261-0400][gc,phases    ] GC(1)   Pre Evacuate Collection Set: 0.1ms
[2022-04-21T00:22:04.261-0400][gc,phases    ] GC(1)   Evacuate Collection Set: 6.6ms
[2022-04-21T00:22:04.261-0400][gc,phases    ] GC(1)   Post Evacuate Collection Set: 0.5ms
[2022-04-21T00:22:04.261-0400][gc,phases    ] GC(1)   Other: 0.4ms
[2022-04-21T00:22:04.261-0400][gc,heap      ] GC(1) Eden regions: 18->0(49)
[2022-04-21T00:22:04.261-0400][gc,heap      ] GC(1) Survivor regions: 7->2(7)
[2022-04-21T00:22:04.261-0400][gc,heap      ] GC(1) Old regions: 2->9
[2022-04-21T00:22:04.261-0400][gc,heap      ] GC(1) Humongous regions: 0->0
[2022-04-21T00:22:04.261-0400][gc,metaspace ] GC(1) Metaspace: 20591K->20591K(1067008K)
[2022-04-21T00:22:04.261-0400][gc           ] GC(1) Pause Young (Concurrent Start) (Metadata GC Threshold) 24M->7M(1024M) 7.620ms
[2022-04-21T00:22:04.261-0400][gc,cpu       ] GC(1) User=0.09s Sys=0.00s Real=0.01s
[2022-04-21T00:22:04.261-0400][gc           ] GC(2) Concurrent Cycle
[2022-04-21T00:22:04.261-0400][gc,marking   ] GC(2) Concurrent Clear Claimed Marks
[2022-04-21T00:22:04.261-0400][gc,marking   ] GC(2) Concurrent Clear Claimed Marks 0.018ms
[2022-04-21T00:22:04.261-0400][gc,marking   ] GC(2) Concurrent Scan Root Regions
[2022-04-21T00:22:04.262-0400][gc,marking   ] GC(2) Concurrent Scan Root Regions 0.979ms
[2022-04-21T00:22:04.262-0400][gc,marking   ] GC(2) Concurrent Mark (0.863s)
[2022-04-21T00:22:04.262-0400][gc,marking   ] GC(2) Concurrent Mark From Roots
[2022-04-21T00:22:04.262-0400][gc,task      ] GC(2) Using 8 workers of 8 for marking
[2022-04-21T00:22:04.266-0400][gc,marking   ] GC(2) Concurrent Mark From Roots 3.621ms
[2022-04-21T00:22:04.266-0400][gc,marking   ] GC(2) Concurrent Preclean
[2022-04-21T00:22:04.266-0400][gc,marking   ] GC(2) Concurrent Preclean 0.238ms
[2022-04-21T00:22:04.266-0400][gc,marking   ] GC(2) Concurrent Mark (0.863s, 0.867s) 3.891ms
[2022-04-21T00:22:04.266-0400][gc,start     ] GC(2) Pause Remark
[2022-04-21T00:22:04.267-0400][gc,stringtable] GC(2) Cleaned string and symbol table, strings: 4966 processed, 0 removed, symbols: 49651 processed, 50 removed
[2022-04-21T00:22:04.268-0400][gc            ] GC(2) Pause Remark 8M->8M(1024M) 1.623ms
[2022-04-21T00:22:04.268-0400][gc,cpu        ] GC(2) User=0.00s Sys=0.02s Real=0.00s
[2022-04-21T00:22:04.268-0400][gc,marking    ] GC(2) Concurrent Rebuild Remembered Sets
[2022-04-21T00:22:04.269-0400][gc,marking    ] GC(2) Concurrent Rebuild Remembered Sets 1.379ms
[2022-04-21T00:22:04.270-0400][gc,start      ] GC(2) Pause Cleanup
[2022-04-21T00:22:04.270-0400][gc            ] GC(2) Pause Cleanup 8M->8M(1024M) 0.171ms
[2022-04-21T00:22:04.270-0400][gc,cpu        ] GC(2) User=0.00s Sys=0.00s Real=0.00s
[2022-04-21T00:22:04.270-0400][gc,marking    ] GC(2) Concurrent Cleanup for Next Mark
[2022-04-21T00:22:04.271-0400][gc,marking    ] GC(2) Concurrent Cleanup for Next Mark 1.365ms
[2022-04-21T00:22:04.271-0400][gc            ] GC(2) Concurrent Cycle 10.386ms
[2022-04-21T00:22:08.237-0400][gc,heap,exit  ] Heap
[2022-04-21T00:22:08.237-0400][gc,heap,exit  ]  garbage-first heap   total 1048576K, used 186309K [0x00000000c0000000, 0x0000000100000000)
[2022-04-21T00:22:08.237-0400][gc,heap,exit  ]   region size 1024K, 48 young (49152K), 2 survivors (2048K)
[2022-04-21T00:22:08.237-0400][gc,heap,exit  ]  Metaspace       used 28170K, capacity 29144K, committed 29440K, reserved 1075200K
[2022-04-21T00:22:08.237-0400][gc,heap,exit  ]   class space    used 3638K, capacity 4048K, committed 4096K, reserved 1048576K
