[2022-04-21T00:01:41.382-0400][gc,heap] Heap region size: 1M
[2022-04-21T00:01:41.392-0400][gc     ] Using G1
[2022-04-21T00:01:41.392-0400][gc,heap,coops] Heap address: 0x00000000c0000000, size: 1024 MB, Compressed Oops mode: 32-bit
[2022-04-21T00:01:41.392-0400][gc,cds       ] Mark closed archive regions in map: [0x00000000ffc00000, 0x00000000ffc6aff8]
[2022-04-21T00:01:41.392-0400][gc,cds       ] Mark open archive regions in map: [0x00000000ff800000, 0x00000000ff846ff8]
[2022-04-21T00:01:42.053-0400][gc,start     ] GC(0) Pause Young (Normal) (G1 Evacuation Pause)
[2022-04-21T00:01:42.055-0400][gc,task      ] GC(0) Using 24 workers of 33 for evacuation
[2022-04-21T00:01:42.064-0400][gc,phases    ] GC(0)   Pre Evacuate Collection Set: 0.0ms
[2022-04-21T00:01:42.064-0400][gc,phases    ] GC(0)   Evacuate Collection Set: 8.4ms
[2022-04-21T00:01:42.064-0400][gc,phases    ] GC(0)   Post Evacuate Collection Set: 0.5ms
[2022-04-21T00:01:42.064-0400][gc,phases    ] GC(0)   Other: 1.7ms
[2022-04-21T00:01:42.064-0400][gc,heap      ] GC(0) Eden regions: 51->0(44)
[2022-04-21T00:01:42.064-0400][gc,heap      ] GC(0) Survivor regions: 0->7(7)
[2022-04-21T00:01:42.064-0400][gc,heap      ] GC(0) Old regions: 2->2
[2022-04-21T00:01:42.064-0400][gc,heap      ] GC(0) Humongous regions: 0->0
[2022-04-21T00:01:42.064-0400][gc,metaspace ] GC(0) Metaspace: 16058K->16058K(1062912K)
[2022-04-21T00:01:42.064-0400][gc           ] GC(0) Pause Young (Normal) (G1 Evacuation Pause) 51M->7M(1024M) 10.596ms
[2022-04-21T00:01:42.064-0400][gc,cpu       ] GC(0) User=0.19s Sys=0.01s Real=0.01s
[2022-04-21T00:01:42.209-0400][gc,start     ] GC(1) Pause Young (Concurrent Start) (Metadata GC Threshold)
[2022-04-21T00:01:42.209-0400][gc,task      ] GC(1) Using 24 workers of 33 for evacuation
[2022-04-21T00:01:42.217-0400][gc,phases    ] GC(1)   Pre Evacuate Collection Set: 0.1ms
[2022-04-21T00:01:42.217-0400][gc,phases    ] GC(1)   Evacuate Collection Set: 7.1ms
[2022-04-21T00:01:42.217-0400][gc,phases    ] GC(1)   Post Evacuate Collection Set: 0.5ms
[2022-04-21T00:01:42.217-0400][gc,phases    ] GC(1)   Other: 0.3ms
[2022-04-21T00:01:42.217-0400][gc,heap      ] GC(1) Eden regions: 19->0(50)
[2022-04-21T00:01:42.217-0400][gc,heap      ] GC(1) Survivor regions: 7->1(7)
[2022-04-21T00:01:42.217-0400][gc,heap      ] GC(1) Old regions: 2->9
[2022-04-21T00:01:42.217-0400][gc,heap      ] GC(1) Humongous regions: 0->0
[2022-04-21T00:01:42.217-0400][gc,metaspace ] GC(1) Metaspace: 20596K->20596K(1067008K)
[2022-04-21T00:01:42.217-0400][gc           ] GC(1) Pause Young (Concurrent Start) (Metadata GC Threshold) 25M->7M(1024M) 8.113ms
[2022-04-21T00:01:42.217-0400][gc,cpu       ] GC(1) User=0.09s Sys=0.00s Real=0.01s
[2022-04-21T00:01:42.217-0400][gc           ] GC(2) Concurrent Cycle
[2022-04-21T00:01:42.217-0400][gc,marking   ] GC(2) Concurrent Clear Claimed Marks
[2022-04-21T00:01:42.217-0400][gc,marking   ] GC(2) Concurrent Clear Claimed Marks 0.020ms
[2022-04-21T00:01:42.217-0400][gc,marking   ] GC(2) Concurrent Scan Root Regions
[2022-04-21T00:01:42.218-0400][gc,marking   ] GC(2) Concurrent Scan Root Regions 0.745ms
[2022-04-21T00:01:42.218-0400][gc,marking   ] GC(2) Concurrent Mark (0.858s)
[2022-04-21T00:01:42.218-0400][gc,marking   ] GC(2) Concurrent Mark From Roots
[2022-04-21T00:01:42.219-0400][gc,task      ] GC(2) Using 8 workers of 8 for marking
[2022-04-21T00:01:42.222-0400][gc,marking   ] GC(2) Concurrent Mark From Roots 4.273ms
[2022-04-21T00:01:42.222-0400][gc,marking   ] GC(2) Concurrent Preclean
[2022-04-21T00:01:42.222-0400][gc,marking   ] GC(2) Concurrent Preclean 0.213ms
[2022-04-21T00:01:42.222-0400][gc,marking   ] GC(2) Concurrent Mark (0.858s, 0.862s) 4.520ms
[2022-04-21T00:01:42.223-0400][gc,start     ] GC(2) Pause Remark
[2022-04-21T00:01:42.224-0400][gc,stringtable] GC(2) Cleaned string and symbol table, strings: 4963 processed, 0 removed, symbols: 49649 processed, 50 removed
[2022-04-21T00:01:42.224-0400][gc            ] GC(2) Pause Remark 8M->8M(1024M) 1.595ms
[2022-04-21T00:01:42.224-0400][gc,cpu        ] GC(2) User=0.02s Sys=0.00s Real=0.00s
[2022-04-21T00:01:42.224-0400][gc,marking    ] GC(2) Concurrent Rebuild Remembered Sets
[2022-04-21T00:01:42.226-0400][gc,marking    ] GC(2) Concurrent Rebuild Remembered Sets 1.493ms
[2022-04-21T00:01:42.226-0400][gc,start      ] GC(2) Pause Cleanup
[2022-04-21T00:01:42.226-0400][gc            ] GC(2) Pause Cleanup 8M->8M(1024M) 0.186ms
[2022-04-21T00:01:42.226-0400][gc,cpu        ] GC(2) User=0.01s Sys=0.00s Real=0.00s
[2022-04-21T00:01:42.226-0400][gc,marking    ] GC(2) Concurrent Cleanup for Next Mark
[2022-04-21T00:01:42.227-0400][gc,marking    ] GC(2) Concurrent Cleanup for Next Mark 1.442ms
[2022-04-21T00:01:42.228-0400][gc            ] GC(2) Concurrent Cycle 10.405ms
[2022-04-21T00:01:42.576-0400][gc,start      ] GC(3) Pause Young (Normal) (G1 Evacuation Pause)
[2022-04-21T00:01:42.576-0400][gc,task       ] GC(3) Using 28 workers of 33 for evacuation
[2022-04-21T00:01:42.579-0400][gc,phases     ] GC(3)   Pre Evacuate Collection Set: 0.0ms
[2022-04-21T00:01:42.579-0400][gc,phases     ] GC(3)   Evacuate Collection Set: 2.0ms
[2022-04-21T00:01:42.579-0400][gc,phases     ] GC(3)   Post Evacuate Collection Set: 0.5ms
[2022-04-21T00:01:42.579-0400][gc,phases     ] GC(3)   Other: 0.5ms
[2022-04-21T00:01:42.579-0400][gc,heap       ] GC(3) Eden regions: 50->0(46)
[2022-04-21T00:01:42.579-0400][gc,heap       ] GC(3) Survivor regions: 1->5(7)
[2022-04-21T00:01:42.579-0400][gc,heap       ] GC(3) Old regions: 9->9
[2022-04-21T00:01:42.579-0400][gc,heap       ] GC(3) Humongous regions: 129->129
[2022-04-21T00:01:42.579-0400][gc,metaspace  ] GC(3) Metaspace: 29976K->29976K(1077248K)
[2022-04-21T00:01:42.579-0400][gc            ] GC(3) Pause Young (Normal) (G1 Evacuation Pause) 186M->140M(1024M) 3.060ms
[2022-04-21T00:01:42.579-0400][gc,cpu        ] GC(3) User=0.05s Sys=0.00s Real=0.01s
[2022-04-21T00:01:42.753-0400][gc,start      ] GC(4) Pause Young (Concurrent Start) (Metadata GC Threshold)
[2022-04-21T00:01:42.753-0400][gc,task       ] GC(4) Using 33 workers of 33 for evacuation
[2022-04-21T00:01:42.758-0400][gc,phases     ] GC(4)   Pre Evacuate Collection Set: 0.1ms
[2022-04-21T00:01:42.758-0400][gc,phases     ] GC(4)   Evacuate Collection Set: 4.4ms
[2022-04-21T00:01:42.758-0400][gc,phases     ] GC(4)   Post Evacuate Collection Set: 0.5ms
[2022-04-21T00:01:42.758-0400][gc,phases     ] GC(4)   Other: 0.7ms
[2022-04-21T00:01:42.758-0400][gc,heap       ] GC(4) Eden regions: 24->0(49)
[2022-04-21T00:01:42.758-0400][gc,heap       ] GC(4) Survivor regions: 5->2(7)
[2022-04-21T00:01:42.758-0400][gc,heap       ] GC(4) Old regions: 9->13
[2022-04-21T00:01:42.758-0400][gc,heap       ] GC(4) Humongous regions: 129->129
[2022-04-21T00:01:42.758-0400][gc,metaspace  ] GC(4) Metaspace: 34451K->34451K(1081344K)
[2022-04-21T00:01:42.758-0400][gc            ] GC(4) Pause Young (Concurrent Start) (Metadata GC Threshold) 163M->142M(1024M) 5.802ms
[2022-04-21T00:01:42.758-0400][gc,cpu        ] GC(4) User=0.10s Sys=0.00s Real=0.01s
[2022-04-21T00:01:42.758-0400][gc            ] GC(5) Concurrent Cycle
[2022-04-21T00:01:42.758-0400][gc,marking    ] GC(5) Concurrent Clear Claimed Marks
[2022-04-21T00:01:42.758-0400][gc,marking    ] GC(5) Concurrent Clear Claimed Marks 0.027ms
[2022-04-21T00:01:42.758-0400][gc,marking    ] GC(5) Concurrent Scan Root Regions
[2022-04-21T00:01:42.760-0400][gc,marking    ] GC(5) Concurrent Scan Root Regions 1.454ms
[2022-04-21T00:01:42.760-0400][gc,marking    ] GC(5) Concurrent Mark (1.400s)
[2022-04-21T00:01:42.760-0400][gc,marking    ] GC(5) Concurrent Mark From Roots
[2022-04-21T00:01:42.760-0400][gc,task       ] GC(5) Using 8 workers of 8 for marking
[2022-04-21T00:01:42.764-0400][gc,marking    ] GC(5) Concurrent Mark From Roots 3.926ms
[2022-04-21T00:01:42.764-0400][gc,marking    ] GC(5) Concurrent Preclean
[2022-04-21T00:01:42.764-0400][gc,marking    ] GC(5) Concurrent Preclean 0.237ms
[2022-04-21T00:01:42.764-0400][gc,marking    ] GC(5) Concurrent Mark (1.400s, 1.404s) 4.195ms
[2022-04-21T00:01:42.764-0400][gc,start      ] GC(5) Pause Remark
[2022-04-21T00:01:42.766-0400][gc,stringtable] GC(5) Cleaned string and symbol table, strings: 9774 processed, 12 removed, symbols: 79031 processed, 26 removed
[2022-04-21T00:01:42.766-0400][gc            ] GC(5) Pause Remark 142M->142M(1024M) 2.041ms
[2022-04-21T00:01:42.766-0400][gc,cpu        ] GC(5) User=0.05s Sys=0.00s Real=0.00s
[2022-04-21T00:01:42.766-0400][gc,marking    ] GC(5) Concurrent Rebuild Remembered Sets
[2022-04-21T00:01:42.769-0400][gc,marking    ] GC(5) Concurrent Rebuild Remembered Sets 2.390ms
[2022-04-21T00:01:42.769-0400][gc,start      ] GC(5) Pause Cleanup
[2022-04-21T00:01:42.769-0400][gc            ] GC(5) Pause Cleanup 142M->142M(1024M) 0.136ms
[2022-04-21T00:01:42.769-0400][gc,cpu        ] GC(5) User=0.00s Sys=0.00s Real=0.00s
[2022-04-21T00:01:42.769-0400][gc,marking    ] GC(5) Concurrent Cleanup for Next Mark
[2022-04-21T00:01:42.770-0400][gc,marking    ] GC(5) Concurrent Cleanup for Next Mark 1.307ms
[2022-04-21T00:01:42.770-0400][gc            ] GC(5) Concurrent Cycle 11.996ms
[2022-04-21T00:02:28.191-0400][gc,heap,exit  ] Heap
[2022-04-21T00:02:28.191-0400][gc,heap,exit  ]  garbage-first heap   total 1048576K, used 168992K [0x00000000c0000000, 0x0000000100000000)
[2022-04-21T00:02:28.191-0400][gc,heap,exit  ]   region size 1024K, 27 young (27648K), 2 survivors (2048K)
[2022-04-21T00:02:28.191-0400][gc,heap,exit  ]  Metaspace       used 36322K, capacity 37985K, committed 38272K, reserved 1081344K
[2022-04-21T00:02:28.191-0400][gc,heap,exit  ]   class space    used 4685K, capacity 5507K, committed 5632K, reserved 1048576K
