[2022-04-21T00:09:40.194-0400][gc,heap] Heap region size: 1M
[2022-04-21T00:09:40.204-0400][gc     ] Using G1
[2022-04-21T00:09:40.204-0400][gc,heap,coops] Heap address: 0x00000000c0000000, size: 1024 MB, Compressed Oops mode: 32-bit
[2022-04-21T00:09:40.204-0400][gc,cds       ] Mark closed archive regions in map: [0x00000000ffc00000, 0x00000000ffc6aff8]
[2022-04-21T00:09:40.204-0400][gc,cds       ] Mark open archive regions in map: [0x00000000ff800000, 0x00000000ff846ff8]
[2022-04-21T00:09:40.883-0400][gc,start     ] GC(0) Pause Young (Normal) (G1 Evacuation Pause)
[2022-04-21T00:09:40.885-0400][gc,task      ] GC(0) Using 24 workers of 33 for evacuation
[2022-04-21T00:09:40.892-0400][gc,phases    ] GC(0)   Pre Evacuate Collection Set: 0.0ms
[2022-04-21T00:09:40.892-0400][gc,phases    ] GC(0)   Evacuate Collection Set: 6.5ms
[2022-04-21T00:09:40.892-0400][gc,phases    ] GC(0)   Post Evacuate Collection Set: 0.6ms
[2022-04-21T00:09:40.892-0400][gc,phases    ] GC(0)   Other: 1.7ms
[2022-04-21T00:09:40.892-0400][gc,heap      ] GC(0) Eden regions: 51->0(44)
[2022-04-21T00:09:40.892-0400][gc,heap      ] GC(0) Survivor regions: 0->7(7)
[2022-04-21T00:09:40.892-0400][gc,heap      ] GC(0) Old regions: 2->2
[2022-04-21T00:09:40.892-0400][gc,heap      ] GC(0) Humongous regions: 0->0
[2022-04-21T00:09:40.892-0400][gc,metaspace ] GC(0) Metaspace: 16041K->16041K(1062912K)
[2022-04-21T00:09:40.892-0400][gc           ] GC(0) Pause Young (Normal) (G1 Evacuation Pause) 51M->6M(1024M) 8.849ms
[2022-04-21T00:09:40.892-0400][gc,cpu       ] GC(0) User=0.12s Sys=0.01s Real=0.01s
[2022-04-21T00:09:41.042-0400][gc,start     ] GC(1) Pause Young (Concurrent Start) (Metadata GC Threshold)
[2022-04-21T00:09:41.042-0400][gc,task      ] GC(1) Using 24 workers of 33 for evacuation
[2022-04-21T00:09:41.050-0400][gc,phases    ] GC(1)   Pre Evacuate Collection Set: 0.1ms
[2022-04-21T00:09:41.050-0400][gc,phases    ] GC(1)   Evacuate Collection Set: 7.3ms
[2022-04-21T00:09:41.050-0400][gc,phases    ] GC(1)   Post Evacuate Collection Set: 0.5ms
[2022-04-21T00:09:41.050-0400][gc,phases    ] GC(1)   Other: 0.4ms
[2022-04-21T00:09:41.050-0400][gc,heap      ] GC(1) Eden regions: 19->0(49)
[2022-04-21T00:09:41.050-0400][gc,heap      ] GC(1) Survivor regions: 7->2(7)
[2022-04-21T00:09:41.050-0400][gc,heap      ] GC(1) Old regions: 2->9
[2022-04-21T00:09:41.050-0400][gc,heap      ] GC(1) Humongous regions: 0->0
[2022-04-21T00:09:41.050-0400][gc,metaspace ] GC(1) Metaspace: 20579K->20579K(1067008K)
[2022-04-21T00:09:41.050-0400][gc           ] GC(1) Pause Young (Concurrent Start) (Metadata GC Threshold) 25M->7M(1024M) 8.335ms
[2022-04-21T00:09:41.050-0400][gc,cpu       ] GC(1) User=0.08s Sys=0.00s Real=0.01s
[2022-04-21T00:09:41.051-0400][gc           ] GC(2) Concurrent Cycle
[2022-04-21T00:09:41.051-0400][gc,marking   ] GC(2) Concurrent Clear Claimed Marks
[2022-04-21T00:09:41.051-0400][gc,marking   ] GC(2) Concurrent Clear Claimed Marks 0.023ms
[2022-04-21T00:09:41.051-0400][gc,marking   ] GC(2) Concurrent Scan Root Regions
[2022-04-21T00:09:41.052-0400][gc,marking   ] GC(2) Concurrent Scan Root Regions 1.093ms
[2022-04-21T00:09:41.052-0400][gc,marking   ] GC(2) Concurrent Mark (0.880s)
[2022-04-21T00:09:41.052-0400][gc,marking   ] GC(2) Concurrent Mark From Roots
[2022-04-21T00:09:41.052-0400][gc,task      ] GC(2) Using 8 workers of 8 for marking
[2022-04-21T00:09:41.055-0400][gc,marking   ] GC(2) Concurrent Mark From Roots 3.495ms
[2022-04-21T00:09:41.055-0400][gc,marking   ] GC(2) Concurrent Preclean
[2022-04-21T00:09:41.056-0400][gc,marking   ] GC(2) Concurrent Preclean 0.279ms
[2022-04-21T00:09:41.056-0400][gc,marking   ] GC(2) Concurrent Mark (0.880s, 0.884s) 3.811ms
[2022-04-21T00:09:41.056-0400][gc,start     ] GC(2) Pause Remark
[2022-04-21T00:09:41.057-0400][gc,stringtable] GC(2) Cleaned string and symbol table, strings: 4963 processed, 0 removed, symbols: 49649 processed, 50 removed
[2022-04-21T00:09:41.058-0400][gc            ] GC(2) Pause Remark 8M->8M(1024M) 2.116ms
[2022-04-21T00:09:41.058-0400][gc,cpu        ] GC(2) User=0.03s Sys=0.00s Real=0.00s
[2022-04-21T00:09:41.058-0400][gc,marking    ] GC(2) Concurrent Rebuild Remembered Sets
[2022-04-21T00:09:41.060-0400][gc,marking    ] GC(2) Concurrent Rebuild Remembered Sets 1.760ms
[2022-04-21T00:09:41.060-0400][gc,start      ] GC(2) Pause Cleanup
[2022-04-21T00:09:41.060-0400][gc            ] GC(2) Pause Cleanup 8M->8M(1024M) 0.177ms
[2022-04-21T00:09:41.060-0400][gc,cpu        ] GC(2) User=0.00s Sys=0.00s Real=0.00s
[2022-04-21T00:09:41.060-0400][gc,marking    ] GC(2) Concurrent Cleanup for Next Mark
[2022-04-21T00:09:41.062-0400][gc,marking    ] GC(2) Concurrent Cleanup for Next Mark 1.236ms
[2022-04-21T00:09:41.062-0400][gc            ] GC(2) Concurrent Cycle 11.128ms
[2022-04-21T00:09:41.415-0400][gc,start      ] GC(3) Pause Young (Normal) (G1 Evacuation Pause)
[2022-04-21T00:09:41.415-0400][gc,task       ] GC(3) Using 28 workers of 33 for evacuation
[2022-04-21T00:09:41.418-0400][gc,phases     ] GC(3)   Pre Evacuate Collection Set: 0.0ms
[2022-04-21T00:09:41.418-0400][gc,phases     ] GC(3)   Evacuate Collection Set: 1.9ms
[2022-04-21T00:09:41.418-0400][gc,phases     ] GC(3)   Post Evacuate Collection Set: 0.5ms
[2022-04-21T00:09:41.418-0400][gc,phases     ] GC(3)   Other: 0.6ms
[2022-04-21T00:09:41.418-0400][gc,heap       ] GC(3) Eden regions: 49->0(46)
[2022-04-21T00:09:41.418-0400][gc,heap       ] GC(3) Survivor regions: 2->5(7)
[2022-04-21T00:09:41.418-0400][gc,heap       ] GC(3) Old regions: 9->9
[2022-04-21T00:09:41.418-0400][gc,heap       ] GC(3) Humongous regions: 129->129
[2022-04-21T00:09:41.418-0400][gc,metaspace  ] GC(3) Metaspace: 29900K->29900K(1077248K)
[2022-04-21T00:09:41.418-0400][gc            ] GC(3) Pause Young (Normal) (G1 Evacuation Pause) 185M->140M(1024M) 3.015ms
[2022-04-21T00:09:41.418-0400][gc,cpu        ] GC(3) User=0.05s Sys=0.00s Real=0.00s
[2022-04-21T00:09:41.586-0400][gc,start      ] GC(4) Pause Young (Concurrent Start) (Metadata GC Threshold)
[2022-04-21T00:09:41.586-0400][gc,task       ] GC(4) Using 33 workers of 33 for evacuation
[2022-04-21T00:09:41.592-0400][gc,phases     ] GC(4)   Pre Evacuate Collection Set: 0.2ms
[2022-04-21T00:09:41.592-0400][gc,phases     ] GC(4)   Evacuate Collection Set: 5.4ms
[2022-04-21T00:09:41.592-0400][gc,phases     ] GC(4)   Post Evacuate Collection Set: 0.5ms
[2022-04-21T00:09:41.592-0400][gc,phases     ] GC(4)   Other: 0.8ms
[2022-04-21T00:09:41.592-0400][gc,heap       ] GC(4) Eden regions: 24->0(49)
[2022-04-21T00:09:41.592-0400][gc,heap       ] GC(4) Survivor regions: 5->2(7)
[2022-04-21T00:09:41.592-0400][gc,heap       ] GC(4) Old regions: 9->13
[2022-04-21T00:09:41.592-0400][gc,heap       ] GC(4) Humongous regions: 129->129
[2022-04-21T00:09:41.592-0400][gc,metaspace  ] GC(4) Metaspace: 34397K->34397K(1081344K)
[2022-04-21T00:09:41.592-0400][gc            ] GC(4) Pause Young (Concurrent Start) (Metadata GC Threshold) 164M->142M(1024M) 6.879ms
[2022-04-21T00:09:41.593-0400][gc,cpu        ] GC(4) User=0.07s Sys=0.04s Real=0.01s
[2022-04-21T00:09:41.593-0400][gc            ] GC(5) Concurrent Cycle
[2022-04-21T00:09:41.593-0400][gc,marking    ] GC(5) Concurrent Clear Claimed Marks
[2022-04-21T00:09:41.593-0400][gc,marking    ] GC(5) Concurrent Clear Claimed Marks 0.026ms
[2022-04-21T00:09:41.593-0400][gc,marking    ] GC(5) Concurrent Scan Root Regions
[2022-04-21T00:09:41.593-0400][gc,marking    ] GC(5) Concurrent Scan Root Regions 0.727ms
[2022-04-21T00:09:41.593-0400][gc,marking    ] GC(5) Concurrent Mark (1.422s)
[2022-04-21T00:09:41.593-0400][gc,marking    ] GC(5) Concurrent Mark From Roots
[2022-04-21T00:09:41.593-0400][gc,task       ] GC(5) Using 8 workers of 8 for marking
[2022-04-21T00:09:41.598-0400][gc,marking    ] GC(5) Concurrent Mark From Roots 4.244ms
[2022-04-21T00:09:41.598-0400][gc,marking    ] GC(5) Concurrent Preclean
[2022-04-21T00:09:41.598-0400][gc,marking    ] GC(5) Concurrent Preclean 0.157ms
[2022-04-21T00:09:41.598-0400][gc,marking    ] GC(5) Concurrent Mark (1.422s, 1.426s) 4.421ms
[2022-04-21T00:09:41.598-0400][gc,start      ] GC(5) Pause Remark
[2022-04-21T00:09:41.600-0400][gc,stringtable] GC(5) Cleaned string and symbol table, strings: 9681 processed, 12 removed, symbols: 79031 processed, 26 removed
[2022-04-21T00:09:41.600-0400][gc            ] GC(5) Pause Remark 142M->142M(1024M) 2.236ms
[2022-04-21T00:09:41.600-0400][gc,cpu        ] GC(5) User=0.04s Sys=0.01s Real=0.01s
[2022-04-21T00:09:41.600-0400][gc,marking    ] GC(5) Concurrent Rebuild Remembered Sets
[2022-04-21T00:09:41.603-0400][gc,marking    ] GC(5) Concurrent Rebuild Remembered Sets 2.335ms
[2022-04-21T00:09:41.603-0400][gc,start      ] GC(5) Pause Cleanup
[2022-04-21T00:09:41.603-0400][gc            ] GC(5) Pause Cleanup 142M->142M(1024M) 0.187ms
[2022-04-21T00:09:41.603-0400][gc,cpu        ] GC(5) User=0.00s Sys=0.00s Real=0.00s
[2022-04-21T00:09:41.603-0400][gc,marking    ] GC(5) Concurrent Cleanup for Next Mark
[2022-04-21T00:09:41.604-0400][gc,marking    ] GC(5) Concurrent Cleanup for Next Mark 1.024ms
[2022-04-21T00:09:41.604-0400][gc            ] GC(5) Concurrent Cycle 11.455ms
[2022-04-21T00:14:52.044-0400][gc,heap,exit  ] Heap
[2022-04-21T00:14:52.044-0400][gc,heap,exit  ]  garbage-first heap   total 1048576K, used 177241K [0x00000000c0000000, 0x0000000100000000)
[2022-04-21T00:14:52.044-0400][gc,heap,exit  ]   region size 1024K, 35 young (35840K), 2 survivors (2048K)
[2022-04-21T00:14:52.044-0400][gc,heap,exit  ]  Metaspace       used 36558K, capacity 38334K, committed 38656K, reserved 1083392K
[2022-04-21T00:14:52.044-0400][gc,heap,exit  ]   class space    used 4708K, capacity 5534K, committed 5632K, reserved 1048576K
