[2022-04-21T00:34:20.882-0400][gc,heap] Heap region size: 1M
[2022-04-21T00:34:20.891-0400][gc     ] Using G1
[2022-04-21T00:34:20.891-0400][gc,heap,coops] Heap address: 0x00000000c0000000, size: 1024 MB, Compressed Oops mode: 32-bit
[2022-04-21T00:34:20.892-0400][gc,cds       ] Mark closed archive regions in map: [0x00000000ffc00000, 0x00000000ffc6aff8]
[2022-04-21T00:34:20.892-0400][gc,cds       ] Mark open archive regions in map: [0x00000000ff800000, 0x00000000ff846ff8]
[2022-04-21T00:34:21.580-0400][gc,start     ] GC(0) Pause Young (Normal) (G1 Evacuation Pause)
[2022-04-21T00:34:21.581-0400][gc,task      ] GC(0) Using 24 workers of 33 for evacuation
[2022-04-21T00:34:21.590-0400][gc,phases    ] GC(0)   Pre Evacuate Collection Set: 0.0ms
[2022-04-21T00:34:21.590-0400][gc,phases    ] GC(0)   Evacuate Collection Set: 7.5ms
[2022-04-21T00:34:21.590-0400][gc,phases    ] GC(0)   Post Evacuate Collection Set: 0.5ms
[2022-04-21T00:34:21.590-0400][gc,phases    ] GC(0)   Other: 1.7ms
[2022-04-21T00:34:21.590-0400][gc,heap      ] GC(0) Eden regions: 51->0(44)
[2022-04-21T00:34:21.590-0400][gc,heap      ] GC(0) Survivor regions: 0->7(7)
[2022-04-21T00:34:21.590-0400][gc,heap      ] GC(0) Old regions: 2->2
[2022-04-21T00:34:21.590-0400][gc,heap      ] GC(0) Humongous regions: 0->0
[2022-04-21T00:34:21.590-0400][gc,metaspace ] GC(0) Metaspace: 16187K->16187K(1062912K)
[2022-04-21T00:34:21.590-0400][gc           ] GC(0) Pause Young (Normal) (G1 Evacuation Pause) 51M->7M(1024M) 9.804ms
[2022-04-21T00:34:21.590-0400][gc,cpu       ] GC(0) User=0.13s Sys=0.03s Real=0.00s
[2022-04-21T00:34:21.743-0400][gc,start     ] GC(1) Pause Young (Concurrent Start) (Metadata GC Threshold)
[2022-04-21T00:34:21.743-0400][gc,task      ] GC(1) Using 24 workers of 33 for evacuation
[2022-04-21T00:34:21.753-0400][gc,phases    ] GC(1)   Pre Evacuate Collection Set: 0.1ms
[2022-04-21T00:34:21.753-0400][gc,phases    ] GC(1)   Evacuate Collection Set: 8.4ms
[2022-04-21T00:34:21.753-0400][gc,phases    ] GC(1)   Post Evacuate Collection Set: 0.4ms
[2022-04-21T00:34:21.753-0400][gc,phases    ] GC(1)   Other: 0.4ms
[2022-04-21T00:34:21.753-0400][gc,heap      ] GC(1) Eden regions: 18->0(49)
[2022-04-21T00:34:21.753-0400][gc,heap      ] GC(1) Survivor regions: 7->2(7)
[2022-04-21T00:34:21.753-0400][gc,heap      ] GC(1) Old regions: 2->9
[2022-04-21T00:34:21.753-0400][gc,heap      ] GC(1) Humongous regions: 0->0
[2022-04-21T00:34:21.753-0400][gc,metaspace ] GC(1) Metaspace: 20576K->20576K(1067008K)
[2022-04-21T00:34:21.753-0400][gc           ] GC(1) Pause Young (Concurrent Start) (Metadata GC Threshold) 25M->7M(1024M) 9.303ms
[2022-04-21T00:34:21.753-0400][gc,cpu       ] GC(1) User=0.08s Sys=0.01s Real=0.01s
[2022-04-21T00:34:21.753-0400][gc           ] GC(2) Concurrent Cycle
[2022-04-21T00:34:21.753-0400][gc,marking   ] GC(2) Concurrent Clear Claimed Marks
[2022-04-21T00:34:21.753-0400][gc,marking   ] GC(2) Concurrent Clear Claimed Marks 0.018ms
[2022-04-21T00:34:21.753-0400][gc,marking   ] GC(2) Concurrent Scan Root Regions
[2022-04-21T00:34:21.754-0400][gc,marking   ] GC(2) Concurrent Scan Root Regions 1.118ms
[2022-04-21T00:34:21.754-0400][gc,marking   ] GC(2) Concurrent Mark (0.894s)
[2022-04-21T00:34:21.754-0400][gc,marking   ] GC(2) Concurrent Mark From Roots
[2022-04-21T00:34:21.754-0400][gc,task      ] GC(2) Using 8 workers of 8 for marking
[2022-04-21T00:34:21.757-0400][gc,marking   ] GC(2) Concurrent Mark From Roots 3.545ms
[2022-04-21T00:34:21.757-0400][gc,marking   ] GC(2) Concurrent Preclean
[2022-04-21T00:34:21.758-0400][gc,marking   ] GC(2) Concurrent Preclean 0.239ms
[2022-04-21T00:34:21.758-0400][gc,marking   ] GC(2) Concurrent Mark (0.894s, 0.898s) 3.827ms
[2022-04-21T00:34:21.758-0400][gc,start     ] GC(2) Pause Remark
[2022-04-21T00:34:21.759-0400][gc,stringtable] GC(2) Cleaned string and symbol table, strings: 4962 processed, 0 removed, symbols: 49641 processed, 50 removed
[2022-04-21T00:34:21.760-0400][gc            ] GC(2) Pause Remark 8M->8M(1024M) 1.813ms
[2022-04-21T00:34:21.760-0400][gc,cpu        ] GC(2) User=0.02s Sys=0.00s Real=0.01s
[2022-04-21T00:34:21.760-0400][gc,marking    ] GC(2) Concurrent Rebuild Remembered Sets
[2022-04-21T00:34:21.762-0400][gc,marking    ] GC(2) Concurrent Rebuild Remembered Sets 1.927ms
[2022-04-21T00:34:21.762-0400][gc,start      ] GC(2) Pause Cleanup
[2022-04-21T00:34:21.762-0400][gc            ] GC(2) Pause Cleanup 8M->8M(1024M) 0.142ms
[2022-04-21T00:34:21.762-0400][gc,cpu        ] GC(2) User=0.00s Sys=0.00s Real=0.00s
[2022-04-21T00:34:21.762-0400][gc,marking    ] GC(2) Concurrent Cleanup for Next Mark
[2022-04-21T00:34:21.763-0400][gc,marking    ] GC(2) Concurrent Cleanup for Next Mark 1.469ms
[2022-04-21T00:34:21.763-0400][gc            ] GC(2) Concurrent Cycle 10.660ms
[2022-04-21T00:34:22.113-0400][gc,start      ] GC(3) Pause Young (Normal) (G1 Evacuation Pause)
[2022-04-21T00:34:22.113-0400][gc,task       ] GC(3) Using 28 workers of 33 for evacuation
[2022-04-21T00:34:22.116-0400][gc,phases     ] GC(3)   Pre Evacuate Collection Set: 0.0ms
[2022-04-21T00:34:22.116-0400][gc,phases     ] GC(3)   Evacuate Collection Set: 1.9ms
[2022-04-21T00:34:22.116-0400][gc,phases     ] GC(3)   Post Evacuate Collection Set: 0.4ms
[2022-04-21T00:34:22.116-0400][gc,phases     ] GC(3)   Other: 0.4ms
[2022-04-21T00:34:22.116-0400][gc,heap       ] GC(3) Eden regions: 49->0(46)
[2022-04-21T00:34:22.116-0400][gc,heap       ] GC(3) Survivor regions: 2->5(7)
[2022-04-21T00:34:22.116-0400][gc,heap       ] GC(3) Old regions: 9->9
[2022-04-21T00:34:22.116-0400][gc,heap       ] GC(3) Humongous regions: 129->129
[2022-04-21T00:34:22.116-0400][gc,metaspace  ] GC(3) Metaspace: 29758K->29758K(1075200K)
[2022-04-21T00:34:22.116-0400][gc            ] GC(3) Pause Young (Normal) (G1 Evacuation Pause) 185M->140M(1024M) 2.744ms
[2022-04-21T00:34:22.116-0400][gc,cpu        ] GC(3) User=0.05s Sys=0.00s Real=0.00s
[2022-04-21T00:34:22.277-0400][gc,start      ] GC(4) Pause Young (Concurrent Start) (Metadata GC Threshold)
[2022-04-21T00:34:22.278-0400][gc,task       ] GC(4) Using 33 workers of 33 for evacuation
[2022-04-21T00:34:22.283-0400][gc,phases     ] GC(4)   Pre Evacuate Collection Set: 0.2ms
[2022-04-21T00:34:22.283-0400][gc,phases     ] GC(4)   Evacuate Collection Set: 4.5ms
[2022-04-21T00:34:22.283-0400][gc,phases     ] GC(4)   Post Evacuate Collection Set: 0.5ms
[2022-04-21T00:34:22.283-0400][gc,phases     ] GC(4)   Other: 0.8ms
[2022-04-21T00:34:22.283-0400][gc,heap       ] GC(4) Eden regions: 25->0(49)
[2022-04-21T00:34:22.283-0400][gc,heap       ] GC(4) Survivor regions: 5->2(7)
[2022-04-21T00:34:22.283-0400][gc,heap       ] GC(4) Old regions: 9->13
[2022-04-21T00:34:22.283-0400][gc,heap       ] GC(4) Humongous regions: 129->129
[2022-04-21T00:34:22.283-0400][gc,metaspace  ] GC(4) Metaspace: 34450K->34450K(1081344K)
[2022-04-21T00:34:22.283-0400][gc            ] GC(4) Pause Young (Concurrent Start) (Metadata GC Threshold) 164M->141M(1024M) 5.908ms
[2022-04-21T00:34:22.283-0400][gc,cpu        ] GC(4) User=0.14s Sys=0.00s Real=0.01s
[2022-04-21T00:34:22.283-0400][gc            ] GC(5) Concurrent Cycle
[2022-04-21T00:34:22.283-0400][gc,marking    ] GC(5) Concurrent Clear Claimed Marks
[2022-04-21T00:34:22.283-0400][gc,marking    ] GC(5) Concurrent Clear Claimed Marks 0.037ms
[2022-04-21T00:34:22.283-0400][gc,marking    ] GC(5) Concurrent Scan Root Regions
[2022-04-21T00:34:22.284-0400][gc,marking    ] GC(5) Concurrent Scan Root Regions 1.346ms
[2022-04-21T00:34:22.284-0400][gc,marking    ] GC(5) Concurrent Mark (1.425s)
[2022-04-21T00:34:22.284-0400][gc,marking    ] GC(5) Concurrent Mark From Roots
[2022-04-21T00:34:22.284-0400][gc,task       ] GC(5) Using 8 workers of 8 for marking
[2022-04-21T00:34:22.289-0400][gc,marking    ] GC(5) Concurrent Mark From Roots 4.601ms
[2022-04-21T00:34:22.289-0400][gc,marking    ] GC(5) Concurrent Preclean
[2022-04-21T00:34:22.289-0400][gc,marking    ] GC(5) Concurrent Preclean 0.290ms
[2022-04-21T00:34:22.289-0400][gc,marking    ] GC(5) Concurrent Mark (1.425s, 1.430s) 4.918ms
[2022-04-21T00:34:22.290-0400][gc,start      ] GC(5) Pause Remark
[2022-04-21T00:34:22.291-0400][gc,stringtable] GC(5) Cleaned string and symbol table, strings: 9718 processed, 11 removed, symbols: 78988 processed, 25 removed
[2022-04-21T00:34:22.292-0400][gc            ] GC(5) Pause Remark 142M->142M(1024M) 2.083ms
[2022-04-21T00:34:22.292-0400][gc,cpu        ] GC(5) User=0.05s Sys=0.01s Real=0.01s
[2022-04-21T00:34:22.292-0400][gc,marking    ] GC(5) Concurrent Rebuild Remembered Sets
[2022-04-21T00:34:22.294-0400][gc,marking    ] GC(5) Concurrent Rebuild Remembered Sets 2.789ms
[2022-04-21T00:34:22.295-0400][gc,start      ] GC(5) Pause Cleanup
[2022-04-21T00:34:22.295-0400][gc            ] GC(5) Pause Cleanup 142M->142M(1024M) 0.166ms
[2022-04-21T00:34:22.295-0400][gc,cpu        ] GC(5) User=0.00s Sys=0.00s Real=0.00s
[2022-04-21T00:34:22.295-0400][gc,marking    ] GC(5) Concurrent Cleanup for Next Mark
[2022-04-21T00:34:22.296-0400][gc,marking    ] GC(5) Concurrent Cleanup for Next Mark 1.130ms
[2022-04-21T00:34:22.296-0400][gc            ] GC(5) Concurrent Cycle 13.017ms
[2022-04-21T00:54:36.917-0400][gc,start      ] GC(6) Pause Young (Normal) (G1 Evacuation Pause)
[2022-04-21T00:54:36.917-0400][gc,task       ] GC(6) Using 33 workers of 33 for evacuation
[2022-04-21T00:54:36.919-0400][gc,phases     ] GC(6)   Pre Evacuate Collection Set: 0.0ms
[2022-04-21T00:54:36.919-0400][gc,phases     ] GC(6)   Evacuate Collection Set: 1.5ms
[2022-04-21T00:54:36.919-0400][gc,phases     ] GC(6)   Post Evacuate Collection Set: 0.6ms
[2022-04-21T00:54:36.919-0400][gc,phases     ] GC(6)   Other: 0.2ms
[2022-04-21T00:54:36.919-0400][gc,heap       ] GC(6) Eden regions: 49->0(48)
[2022-04-21T00:54:36.919-0400][gc,heap       ] GC(6) Survivor regions: 2->3(7)
[2022-04-21T00:54:36.919-0400][gc,heap       ] GC(6) Old regions: 13->13
[2022-04-21T00:54:36.919-0400][gc,heap       ] GC(6) Humongous regions: 129->129
[2022-04-21T00:54:36.919-0400][gc,metaspace  ] GC(6) Metaspace: 36660K->36660K(1083392K)
[2022-04-21T00:54:36.919-0400][gc            ] GC(6) Pause Young (Normal) (G1 Evacuation Pause) 190M->142M(1024M) 2.479ms
[2022-04-21T00:54:36.920-0400][gc,cpu        ] GC(6) User=0.04s Sys=0.00s Real=0.01s
[2022-04-21T01:31:07.005-0400][gc,start      ] GC(7) Pause Young (Normal) (G1 Evacuation Pause)
[2022-04-21T01:31:07.005-0400][gc,task       ] GC(7) Using 33 workers of 33 for evacuation
[2022-04-21T01:31:07.008-0400][gc,phases     ] GC(7)   Pre Evacuate Collection Set: 0.0ms
[2022-04-21T01:31:07.008-0400][gc,phases     ] GC(7)   Evacuate Collection Set: 1.8ms
[2022-04-21T01:31:07.008-0400][gc,phases     ] GC(7)   Post Evacuate Collection Set: 1.1ms
[2022-04-21T01:31:07.008-0400][gc,phases     ] GC(7)   Other: 0.2ms
[2022-04-21T01:31:07.008-0400][gc,heap       ] GC(7) Eden regions: 48->0(48)
[2022-04-21T01:31:07.008-0400][gc,heap       ] GC(7) Survivor regions: 3->3(7)
[2022-04-21T01:31:07.008-0400][gc,heap       ] GC(7) Old regions: 13->13
[2022-04-21T01:31:07.008-0400][gc,heap       ] GC(7) Humongous regions: 129->129
[2022-04-21T01:31:07.008-0400][gc,metaspace  ] GC(7) Metaspace: 36795K->36795K(1083392K)
[2022-04-21T01:31:07.008-0400][gc            ] GC(7) Pause Young (Normal) (G1 Evacuation Pause) 190M->142M(1024M) 3.200ms
[2022-04-21T01:31:07.008-0400][gc,cpu        ] GC(7) User=0.07s Sys=0.00s Real=0.00s
[2022-04-21T01:45:37.053-0400][gc,heap,exit  ] Heap
[2022-04-21T01:45:37.053-0400][gc,heap,exit  ]  garbage-first heap   total 1048576K, used 169713K [0x00000000c0000000, 0x0000000100000000)
[2022-04-21T01:45:37.053-0400][gc,heap,exit  ]   region size 1024K, 28 young (28672K), 3 survivors (3072K)
[2022-04-21T01:45:37.053-0400][gc,heap,exit  ]  Metaspace       used 37090K, capacity 38879K, committed 39168K, reserved 1083392K
[2022-04-21T01:45:37.053-0400][gc,heap,exit  ]   class space    used 4764K, capacity 5605K, committed 5632K, reserved 1048576K
