[2022-04-21T00:08:16.418-0400][gc,heap] Heap region size: 1M
[2022-04-21T00:08:16.428-0400][gc     ] Using G1
[2022-04-21T00:08:16.428-0400][gc,heap,coops] Heap address: 0x00000000c0000000, size: 1024 MB, Compressed Oops mode: 32-bit
[2022-04-21T00:08:16.428-0400][gc,cds       ] Mark closed archive regions in map: [0x00000000ffc00000, 0x00000000ffc6aff8]
[2022-04-21T00:08:16.428-0400][gc,cds       ] Mark open archive regions in map: [0x00000000ff800000, 0x00000000ff846ff8]
[2022-04-21T00:08:17.109-0400][gc,start     ] GC(0) Pause Young (Normal) (G1 Evacuation Pause)
[2022-04-21T00:08:17.111-0400][gc,task      ] GC(0) Using 24 workers of 33 for evacuation
[2022-04-21T00:08:17.119-0400][gc,phases    ] GC(0)   Pre Evacuate Collection Set: 0.0ms
[2022-04-21T00:08:17.119-0400][gc,phases    ] GC(0)   Evacuate Collection Set: 7.8ms
[2022-04-21T00:08:17.119-0400][gc,phases    ] GC(0)   Post Evacuate Collection Set: 0.5ms
[2022-04-21T00:08:17.119-0400][gc,phases    ] GC(0)   Other: 1.7ms
[2022-04-21T00:08:17.119-0400][gc,heap      ] GC(0) Eden regions: 51->0(44)
[2022-04-21T00:08:17.119-0400][gc,heap      ] GC(0) Survivor regions: 0->7(7)
[2022-04-21T00:08:17.119-0400][gc,heap      ] GC(0) Old regions: 2->2
[2022-04-21T00:08:17.119-0400][gc,heap      ] GC(0) Humongous regions: 0->0
[2022-04-21T00:08:17.119-0400][gc,metaspace ] GC(0) Metaspace: 16187K->16187K(1064960K)
[2022-04-21T00:08:17.119-0400][gc           ] GC(0) Pause Young (Normal) (G1 Evacuation Pause) 51M->7M(1024M) 10.061ms
[2022-04-21T00:08:17.119-0400][gc,cpu       ] GC(0) User=0.16s Sys=0.01s Real=0.02s
[2022-04-21T00:08:17.260-0400][gc,start     ] GC(1) Pause Young (Concurrent Start) (Metadata GC Threshold)
[2022-04-21T00:08:17.260-0400][gc,task      ] GC(1) Using 24 workers of 33 for evacuation
[2022-04-21T00:08:17.268-0400][gc,phases    ] GC(1)   Pre Evacuate Collection Set: 0.1ms
[2022-04-21T00:08:17.268-0400][gc,phases    ] GC(1)   Evacuate Collection Set: 7.1ms
[2022-04-21T00:08:17.268-0400][gc,phases    ] GC(1)   Post Evacuate Collection Set: 0.5ms
[2022-04-21T00:08:17.268-0400][gc,phases    ] GC(1)   Other: 0.4ms
[2022-04-21T00:08:17.268-0400][gc,heap      ] GC(1) Eden regions: 18->0(50)
[2022-04-21T00:08:17.268-0400][gc,heap      ] GC(1) Survivor regions: 7->1(7)
[2022-04-21T00:08:17.268-0400][gc,heap      ] GC(1) Old regions: 2->9
[2022-04-21T00:08:17.268-0400][gc,heap      ] GC(1) Humongous regions: 0->0
[2022-04-21T00:08:17.268-0400][gc,metaspace ] GC(1) Metaspace: 20564K->20564K(1067008K)
[2022-04-21T00:08:17.268-0400][gc           ] GC(1) Pause Young (Concurrent Start) (Metadata GC Threshold) 24M->8M(1024M) 8.155ms
[2022-04-21T00:08:17.268-0400][gc,cpu       ] GC(1) User=0.08s Sys=0.01s Real=0.00s
[2022-04-21T00:08:17.268-0400][gc           ] GC(2) Concurrent Cycle
[2022-04-21T00:08:17.268-0400][gc,marking   ] GC(2) Concurrent Clear Claimed Marks
[2022-04-21T00:08:17.268-0400][gc,marking   ] GC(2) Concurrent Clear Claimed Marks 0.020ms
[2022-04-21T00:08:17.268-0400][gc,marking   ] GC(2) Concurrent Scan Root Regions
[2022-04-21T00:08:17.269-0400][gc,marking   ] GC(2) Concurrent Scan Root Regions 1.007ms
[2022-04-21T00:08:17.269-0400][gc,marking   ] GC(2) Concurrent Mark (0.873s)
[2022-04-21T00:08:17.269-0400][gc,marking   ] GC(2) Concurrent Mark From Roots
[2022-04-21T00:08:17.270-0400][gc,task      ] GC(2) Using 8 workers of 8 for marking
[2022-04-21T00:08:17.273-0400][gc,marking   ] GC(2) Concurrent Mark From Roots 3.724ms
[2022-04-21T00:08:17.273-0400][gc,marking   ] GC(2) Concurrent Preclean
[2022-04-21T00:08:17.273-0400][gc,marking   ] GC(2) Concurrent Preclean 0.188ms
[2022-04-21T00:08:17.273-0400][gc,marking   ] GC(2) Concurrent Mark (0.873s, 0.877s) 3.941ms
[2022-04-21T00:08:17.273-0400][gc,start     ] GC(2) Pause Remark
[2022-04-21T00:08:17.275-0400][gc,stringtable] GC(2) Cleaned string and symbol table, strings: 4961 processed, 0 removed, symbols: 49638 processed, 50 removed
[2022-04-21T00:08:17.275-0400][gc            ] GC(2) Pause Remark 8M->8M(1024M) 2.044ms
[2022-04-21T00:08:17.276-0400][gc,cpu        ] GC(2) User=0.03s Sys=0.00s Real=0.00s
[2022-04-21T00:08:17.276-0400][gc,marking    ] GC(2) Concurrent Rebuild Remembered Sets
[2022-04-21T00:08:17.277-0400][gc,marking    ] GC(2) Concurrent Rebuild Remembered Sets 1.132ms
[2022-04-21T00:08:17.277-0400][gc,start      ] GC(2) Pause Cleanup
[2022-04-21T00:08:17.277-0400][gc            ] GC(2) Pause Cleanup 8M->8M(1024M) 0.132ms
[2022-04-21T00:08:17.277-0400][gc,cpu        ] GC(2) User=0.00s Sys=0.00s Real=0.00s
[2022-04-21T00:08:17.277-0400][gc,marking    ] GC(2) Concurrent Cleanup for Next Mark
[2022-04-21T00:08:17.279-0400][gc,marking    ] GC(2) Concurrent Cleanup for Next Mark 1.682ms
[2022-04-21T00:08:17.279-0400][gc            ] GC(2) Concurrent Cycle 10.445ms
[2022-04-21T00:08:17.636-0400][gc,start      ] GC(3) Pause Young (Normal) (G1 Evacuation Pause)
[2022-04-21T00:08:17.636-0400][gc,task       ] GC(3) Using 28 workers of 33 for evacuation
[2022-04-21T00:08:17.638-0400][gc,phases     ] GC(3)   Pre Evacuate Collection Set: 0.0ms
[2022-04-21T00:08:17.638-0400][gc,phases     ] GC(3)   Evacuate Collection Set: 1.9ms
[2022-04-21T00:08:17.638-0400][gc,phases     ] GC(3)   Post Evacuate Collection Set: 0.4ms
[2022-04-21T00:08:17.638-0400][gc,phases     ] GC(3)   Other: 0.6ms
[2022-04-21T00:08:17.638-0400][gc,heap       ] GC(3) Eden regions: 50->0(46)
[2022-04-21T00:08:17.638-0400][gc,heap       ] GC(3) Survivor regions: 1->5(7)
[2022-04-21T00:08:17.638-0400][gc,heap       ] GC(3) Old regions: 9->9
[2022-04-21T00:08:17.638-0400][gc,heap       ] GC(3) Humongous regions: 129->129
[2022-04-21T00:08:17.638-0400][gc,metaspace  ] GC(3) Metaspace: 29937K->29937K(1077248K)
[2022-04-21T00:08:17.638-0400][gc            ] GC(3) Pause Young (Normal) (G1 Evacuation Pause) 187M->140M(1024M) 2.935ms
[2022-04-21T00:08:17.639-0400][gc,cpu        ] GC(3) User=0.04s Sys=0.00s Real=0.01s
[2022-04-21T00:08:17.821-0400][gc,start      ] GC(4) Pause Young (Concurrent Start) (Metadata GC Threshold)
[2022-04-21T00:08:17.821-0400][gc,task       ] GC(4) Using 33 workers of 33 for evacuation
[2022-04-21T00:08:17.829-0400][gc,phases     ] GC(4)   Pre Evacuate Collection Set: 0.1ms
[2022-04-21T00:08:17.829-0400][gc,phases     ] GC(4)   Evacuate Collection Set: 6.8ms
[2022-04-21T00:08:17.829-0400][gc,phases     ] GC(4)   Post Evacuate Collection Set: 0.6ms
[2022-04-21T00:08:17.829-0400][gc,phases     ] GC(4)   Other: 0.8ms
[2022-04-21T00:08:17.829-0400][gc,heap       ] GC(4) Eden regions: 25->0(49)
[2022-04-21T00:08:17.829-0400][gc,heap       ] GC(4) Survivor regions: 5->2(7)
[2022-04-21T00:08:17.829-0400][gc,heap       ] GC(4) Old regions: 9->13
[2022-04-21T00:08:17.829-0400][gc,heap       ] GC(4) Humongous regions: 129->129
[2022-04-21T00:08:17.829-0400][gc,metaspace  ] GC(4) Metaspace: 34464K->34464K(1081344K)
[2022-04-21T00:08:17.829-0400][gc            ] GC(4) Pause Young (Concurrent Start) (Metadata GC Threshold) 164M->142M(1024M) 8.410ms
[2022-04-21T00:08:17.829-0400][gc,cpu        ] GC(4) User=0.10s Sys=0.00s Real=0.00s
[2022-04-21T00:08:17.829-0400][gc            ] GC(5) Concurrent Cycle
[2022-04-21T00:08:17.829-0400][gc,marking    ] GC(5) Concurrent Clear Claimed Marks
[2022-04-21T00:08:17.829-0400][gc,marking    ] GC(5) Concurrent Clear Claimed Marks 0.035ms
[2022-04-21T00:08:17.829-0400][gc,marking    ] GC(5) Concurrent Scan Root Regions
[2022-04-21T00:08:17.830-0400][gc,marking    ] GC(5) Concurrent Scan Root Regions 1.123ms
[2022-04-21T00:08:17.830-0400][gc,marking    ] GC(5) Concurrent Mark (1.434s)
[2022-04-21T00:08:17.830-0400][gc,marking    ] GC(5) Concurrent Mark From Roots
[2022-04-21T00:08:17.830-0400][gc,task       ] GC(5) Using 8 workers of 8 for marking
[2022-04-21T00:08:17.835-0400][gc,marking    ] GC(5) Concurrent Mark From Roots 4.440ms
[2022-04-21T00:08:17.835-0400][gc,marking    ] GC(5) Concurrent Preclean
[2022-04-21T00:08:17.835-0400][gc,marking    ] GC(5) Concurrent Preclean 0.213ms
[2022-04-21T00:08:17.835-0400][gc,marking    ] GC(5) Concurrent Mark (1.434s, 1.439s) 4.691ms
[2022-04-21T00:08:17.835-0400][gc,start      ] GC(5) Pause Remark
[2022-04-21T00:08:17.837-0400][gc,stringtable] GC(5) Cleaned string and symbol table, strings: 9807 processed, 12 removed, symbols: 79032 processed, 26 removed
[2022-04-21T00:08:17.837-0400][gc            ] GC(5) Pause Remark 142M->142M(1024M) 2.118ms
[2022-04-21T00:08:17.837-0400][gc,cpu        ] GC(5) User=0.05s Sys=0.00s Real=0.00s
[2022-04-21T00:08:17.837-0400][gc,marking    ] GC(5) Concurrent Rebuild Remembered Sets
[2022-04-21T00:08:17.840-0400][gc,marking    ] GC(5) Concurrent Rebuild Remembered Sets 2.272ms
[2022-04-21T00:08:17.840-0400][gc,start      ] GC(5) Pause Cleanup
[2022-04-21T00:08:17.840-0400][gc            ] GC(5) Pause Cleanup 142M->142M(1024M) 0.136ms
[2022-04-21T00:08:17.840-0400][gc,cpu        ] GC(5) User=0.01s Sys=0.00s Real=0.00s
[2022-04-21T00:08:17.840-0400][gc,marking    ] GC(5) Concurrent Cleanup for Next Mark
[2022-04-21T00:08:17.841-0400][gc,marking    ] GC(5) Concurrent Cleanup for Next Mark 0.996ms
[2022-04-21T00:08:17.841-0400][gc            ] GC(5) Concurrent Cycle 11.821ms
[2022-04-21T00:08:43.245-0400][gc,heap,exit  ] Heap
[2022-04-21T00:08:43.245-0400][gc,heap,exit  ]  garbage-first heap   total 1048576K, used 169115K [0x00000000c0000000, 0x0000000100000000)
[2022-04-21T00:08:43.245-0400][gc,heap,exit  ]   region size 1024K, 26 young (26624K), 2 survivors (2048K)
[2022-04-21T00:08:43.245-0400][gc,heap,exit  ]  Metaspace       used 36174K, capacity 37871K, committed 38144K, reserved 1081344K
[2022-04-21T00:08:43.245-0400][gc,heap,exit  ]   class space    used 4656K, capacity 5464K, committed 5504K, reserved 1048576K
