[2022-04-21T00:29:47.746-0400][gc,heap] Heap region size: 1M
[2022-04-21T00:29:47.758-0400][gc     ] Using G1
[2022-04-21T00:29:47.758-0400][gc,heap,coops] Heap address: 0x00000000c0000000, size: 1024 MB, Compressed Oops mode: 32-bit
[2022-04-21T00:29:47.759-0400][gc,cds       ] Mark closed archive regions in map: [0x00000000ffc00000, 0x00000000ffc6aff8]
[2022-04-21T00:29:47.759-0400][gc,cds       ] Mark open archive regions in map: [0x00000000ff800000, 0x00000000ff846ff8]
[2022-04-21T00:29:48.449-0400][gc,start     ] GC(0) Pause Young (Normal) (G1 Evacuation Pause)
[2022-04-21T00:29:48.451-0400][gc,task      ] GC(0) Using 24 workers of 33 for evacuation
[2022-04-21T00:29:48.458-0400][gc,phases    ] GC(0)   Pre Evacuate Collection Set: 0.0ms
[2022-04-21T00:29:48.458-0400][gc,phases    ] GC(0)   Evacuate Collection Set: 7.0ms
[2022-04-21T00:29:48.458-0400][gc,phases    ] GC(0)   Post Evacuate Collection Set: 0.6ms
[2022-04-21T00:29:48.458-0400][gc,phases    ] GC(0)   Other: 1.8ms
[2022-04-21T00:29:48.458-0400][gc,heap      ] GC(0) Eden regions: 51->0(44)
[2022-04-21T00:29:48.458-0400][gc,heap      ] GC(0) Survivor regions: 0->7(7)
[2022-04-21T00:29:48.458-0400][gc,heap      ] GC(0) Old regions: 2->2
[2022-04-21T00:29:48.458-0400][gc,heap      ] GC(0) Humongous regions: 0->0
[2022-04-21T00:29:48.459-0400][gc,metaspace ] GC(0) Metaspace: 16052K->16052K(1062912K)
[2022-04-21T00:29:48.459-0400][gc           ] GC(0) Pause Young (Normal) (G1 Evacuation Pause) 51M->7M(1024M) 9.519ms
[2022-04-21T00:29:48.459-0400][gc,cpu       ] GC(0) User=0.13s Sys=0.00s Real=0.02s
[2022-04-21T00:29:48.609-0400][gc,start     ] GC(1) Pause Young (Concurrent Start) (Metadata GC Threshold)
[2022-04-21T00:29:48.609-0400][gc,task      ] GC(1) Using 24 workers of 33 for evacuation
[2022-04-21T00:29:48.617-0400][gc,phases    ] GC(1)   Pre Evacuate Collection Set: 0.1ms
[2022-04-21T00:29:48.617-0400][gc,phases    ] GC(1)   Evacuate Collection Set: 7.0ms
[2022-04-21T00:29:48.617-0400][gc,phases    ] GC(1)   Post Evacuate Collection Set: 0.5ms
[2022-04-21T00:29:48.617-0400][gc,phases    ] GC(1)   Other: 0.4ms
[2022-04-21T00:29:48.617-0400][gc,heap      ] GC(1) Eden regions: 19->0(50)
[2022-04-21T00:29:48.617-0400][gc,heap      ] GC(1) Survivor regions: 7->1(7)
[2022-04-21T00:29:48.617-0400][gc,heap      ] GC(1) Old regions: 2->9
[2022-04-21T00:29:48.617-0400][gc,heap      ] GC(1) Humongous regions: 0->0
[2022-04-21T00:29:48.617-0400][gc,metaspace ] GC(1) Metaspace: 20590K->20590K(1067008K)
[2022-04-21T00:29:48.617-0400][gc           ] GC(1) Pause Young (Concurrent Start) (Metadata GC Threshold) 25M->8M(1024M) 8.082ms
[2022-04-21T00:29:48.617-0400][gc,cpu       ] GC(1) User=0.08s Sys=0.00s Real=0.01s
[2022-04-21T00:29:48.617-0400][gc           ] GC(2) Concurrent Cycle
[2022-04-21T00:29:48.617-0400][gc,marking   ] GC(2) Concurrent Clear Claimed Marks
[2022-04-21T00:29:48.617-0400][gc,marking   ] GC(2) Concurrent Clear Claimed Marks 0.019ms
[2022-04-21T00:29:48.617-0400][gc,marking   ] GC(2) Concurrent Scan Root Regions
[2022-04-21T00:29:48.618-0400][gc,marking   ] GC(2) Concurrent Scan Root Regions 0.986ms
[2022-04-21T00:29:48.618-0400][gc,marking   ] GC(2) Concurrent Mark (0.892s)
[2022-04-21T00:29:48.618-0400][gc,marking   ] GC(2) Concurrent Mark From Roots
[2022-04-21T00:29:48.619-0400][gc,task      ] GC(2) Using 8 workers of 8 for marking
[2022-04-21T00:29:48.623-0400][gc,marking   ] GC(2) Concurrent Mark From Roots 4.145ms
[2022-04-21T00:29:48.623-0400][gc,marking   ] GC(2) Concurrent Preclean
[2022-04-21T00:29:48.623-0400][gc,marking   ] GC(2) Concurrent Preclean 0.234ms
[2022-04-21T00:29:48.623-0400][gc,marking   ] GC(2) Concurrent Mark (0.892s, 0.896s) 4.412ms
[2022-04-21T00:29:48.623-0400][gc,start     ] GC(2) Pause Remark
[2022-04-21T00:29:48.627-0400][gc,stringtable] GC(2) Cleaned string and symbol table, strings: 4964 processed, 0 removed, symbols: 49649 processed, 50 removed
[2022-04-21T00:29:48.628-0400][gc            ] GC(2) Pause Remark 8M->8M(1024M) 4.604ms
[2022-04-21T00:29:48.628-0400][gc,cpu        ] GC(2) User=0.06s Sys=0.01s Real=0.00s
[2022-04-21T00:29:48.628-0400][gc,marking    ] GC(2) Concurrent Rebuild Remembered Sets
[2022-04-21T00:29:48.629-0400][gc,marking    ] GC(2) Concurrent Rebuild Remembered Sets 1.547ms
[2022-04-21T00:29:48.629-0400][gc,start      ] GC(2) Pause Cleanup
[2022-04-21T00:29:48.629-0400][gc            ] GC(2) Pause Cleanup 9M->9M(1024M) 0.169ms
[2022-04-21T00:29:48.629-0400][gc,cpu        ] GC(2) User=0.01s Sys=0.00s Real=0.00s
[2022-04-21T00:29:48.629-0400][gc,marking    ] GC(2) Concurrent Cleanup for Next Mark
[2022-04-21T00:29:48.631-0400][gc,marking    ] GC(2) Concurrent Cleanup for Next Mark 1.420ms
[2022-04-21T00:29:48.631-0400][gc            ] GC(2) Concurrent Cycle 13.530ms
[2022-04-21T00:29:52.594-0400][gc,heap,exit  ] Heap
[2022-04-21T00:29:52.594-0400][gc,heap,exit  ]  garbage-first heap   total 1048576K, used 186385K [0x00000000c0000000, 0x0000000100000000)
[2022-04-21T00:29:52.594-0400][gc,heap,exit  ]   region size 1024K, 47 young (48128K), 1 survivors (1024K)
[2022-04-21T00:29:52.594-0400][gc,heap,exit  ]  Metaspace       used 28173K, capacity 29148K, committed 29440K, reserved 1075200K
[2022-04-21T00:29:52.594-0400][gc,heap,exit  ]   class space    used 3638K, capacity 4049K, committed 4096K, reserved 1048576K
