[2022-04-21T00:15:18.614-0400][gc,heap] Heap region size: 1M
[2022-04-21T00:15:18.624-0400][gc     ] Using G1
[2022-04-21T00:15:18.624-0400][gc,heap,coops] Heap address: 0x00000000c0000000, size: 1024 MB, Compressed Oops mode: 32-bit
[2022-04-21T00:15:18.624-0400][gc,cds       ] Mark closed archive regions in map: [0x00000000ffc00000, 0x00000000ffc6aff8]
[2022-04-21T00:15:18.624-0400][gc,cds       ] Mark open archive regions in map: [0x00000000ff800000, 0x00000000ff846ff8]
[2022-04-21T00:15:19.309-0400][gc,start     ] GC(0) Pause Young (Normal) (G1 Evacuation Pause)
[2022-04-21T00:15:19.311-0400][gc,task      ] GC(0) Using 24 workers of 33 for evacuation
[2022-04-21T00:15:19.318-0400][gc,phases    ] GC(0)   Pre Evacuate Collection Set: 0.0ms
[2022-04-21T00:15:19.318-0400][gc,phases    ] GC(0)   Evacuate Collection Set: 6.9ms
[2022-04-21T00:15:19.318-0400][gc,phases    ] GC(0)   Post Evacuate Collection Set: 0.6ms
[2022-04-21T00:15:19.318-0400][gc,phases    ] GC(0)   Other: 1.9ms
[2022-04-21T00:15:19.318-0400][gc,heap      ] GC(0) Eden regions: 51->0(44)
[2022-04-21T00:15:19.318-0400][gc,heap      ] GC(0) Survivor regions: 0->7(7)
[2022-04-21T00:15:19.318-0400][gc,heap      ] GC(0) Old regions: 2->2
[2022-04-21T00:15:19.318-0400][gc,heap      ] GC(0) Humongous regions: 0->0
[2022-04-21T00:15:19.318-0400][gc,metaspace ] GC(0) Metaspace: 16286K->16286K(1064960K)
[2022-04-21T00:15:19.318-0400][gc           ] GC(0) Pause Young (Normal) (G1 Evacuation Pause) 51M->7M(1024M) 9.478ms
[2022-04-21T00:15:19.318-0400][gc,cpu       ] GC(0) User=0.15s Sys=0.00s Real=0.02s
[2022-04-21T00:15:19.464-0400][gc,start     ] GC(1) Pause Young (Concurrent Start) (Metadata GC Threshold)
[2022-04-21T00:15:19.464-0400][gc,task      ] GC(1) Using 24 workers of 33 for evacuation
[2022-04-21T00:15:19.473-0400][gc,phases    ] GC(1)   Pre Evacuate Collection Set: 0.1ms
[2022-04-21T00:15:19.473-0400][gc,phases    ] GC(1)   Evacuate Collection Set: 8.3ms
[2022-04-21T00:15:19.473-0400][gc,phases    ] GC(1)   Post Evacuate Collection Set: 0.4ms
[2022-04-21T00:15:19.473-0400][gc,phases    ] GC(1)   Other: 0.3ms
[2022-04-21T00:15:19.473-0400][gc,heap      ] GC(1) Eden regions: 18->0(50)
[2022-04-21T00:15:19.473-0400][gc,heap      ] GC(1) Survivor regions: 7->1(7)
[2022-04-21T00:15:19.473-0400][gc,heap      ] GC(1) Old regions: 2->9
[2022-04-21T00:15:19.473-0400][gc,heap      ] GC(1) Humongous regions: 0->0
[2022-04-21T00:15:19.473-0400][gc,metaspace ] GC(1) Metaspace: 20585K->20585K(1067008K)
[2022-04-21T00:15:19.473-0400][gc           ] GC(1) Pause Young (Concurrent Start) (Metadata GC Threshold) 25M->8M(1024M) 9.208ms
[2022-04-21T00:15:19.473-0400][gc,cpu       ] GC(1) User=0.09s Sys=0.00s Real=0.01s
[2022-04-21T00:15:19.473-0400][gc           ] GC(2) Concurrent Cycle
[2022-04-21T00:15:19.473-0400][gc,marking   ] GC(2) Concurrent Clear Claimed Marks
[2022-04-21T00:15:19.473-0400][gc,marking   ] GC(2) Concurrent Clear Claimed Marks 0.012ms
[2022-04-21T00:15:19.473-0400][gc,marking   ] GC(2) Concurrent Scan Root Regions
[2022-04-21T00:15:19.474-0400][gc,marking   ] GC(2) Concurrent Scan Root Regions 1.064ms
[2022-04-21T00:15:19.474-0400][gc,marking   ] GC(2) Concurrent Mark (0.881s)
[2022-04-21T00:15:19.474-0400][gc,marking   ] GC(2) Concurrent Mark From Roots
[2022-04-21T00:15:19.475-0400][gc,task      ] GC(2) Using 8 workers of 8 for marking
[2022-04-21T00:15:19.478-0400][gc,marking   ] GC(2) Concurrent Mark From Roots 3.677ms
[2022-04-21T00:15:19.478-0400][gc,marking   ] GC(2) Concurrent Preclean
[2022-04-21T00:15:19.478-0400][gc,marking   ] GC(2) Concurrent Preclean 0.212ms
[2022-04-21T00:15:19.478-0400][gc,marking   ] GC(2) Concurrent Mark (0.881s, 0.885s) 3.920ms
[2022-04-21T00:15:19.478-0400][gc,start     ] GC(2) Pause Remark
[2022-04-21T00:15:19.481-0400][gc,stringtable] GC(2) Cleaned string and symbol table, strings: 4964 processed, 0 removed, symbols: 49650 processed, 50 removed
[2022-04-21T00:15:19.481-0400][gc            ] GC(2) Pause Remark 8M->8M(1024M) 3.060ms
[2022-04-21T00:15:19.482-0400][gc,cpu        ] GC(2) User=0.05s Sys=0.00s Real=0.00s
[2022-04-21T00:15:19.482-0400][gc,marking    ] GC(2) Concurrent Rebuild Remembered Sets
[2022-04-21T00:15:19.483-0400][gc,marking    ] GC(2) Concurrent Rebuild Remembered Sets 1.742ms
[2022-04-21T00:15:19.483-0400][gc,start      ] GC(2) Pause Cleanup
[2022-04-21T00:15:19.483-0400][gc            ] GC(2) Pause Cleanup 9M->9M(1024M) 0.099ms
[2022-04-21T00:15:19.484-0400][gc,cpu        ] GC(2) User=0.00s Sys=0.00s Real=0.00s
[2022-04-21T00:15:19.484-0400][gc,marking    ] GC(2) Concurrent Cleanup for Next Mark
[2022-04-21T00:15:19.485-0400][gc,marking    ] GC(2) Concurrent Cleanup for Next Mark 1.481ms
[2022-04-21T00:15:19.485-0400][gc            ] GC(2) Concurrent Cycle 11.742ms
[2022-04-21T00:15:19.844-0400][gc,start      ] GC(3) Pause Young (Normal) (G1 Evacuation Pause)
[2022-04-21T00:15:19.844-0400][gc,task       ] GC(3) Using 28 workers of 33 for evacuation
[2022-04-21T00:15:19.847-0400][gc,phases     ] GC(3)   Pre Evacuate Collection Set: 0.0ms
[2022-04-21T00:15:19.847-0400][gc,phases     ] GC(3)   Evacuate Collection Set: 2.2ms
[2022-04-21T00:15:19.847-0400][gc,phases     ] GC(3)   Post Evacuate Collection Set: 0.5ms
[2022-04-21T00:15:19.847-0400][gc,phases     ] GC(3)   Other: 0.5ms
[2022-04-21T00:15:19.847-0400][gc,heap       ] GC(3) Eden regions: 50->0(46)
[2022-04-21T00:15:19.847-0400][gc,heap       ] GC(3) Survivor regions: 1->5(7)
[2022-04-21T00:15:19.847-0400][gc,heap       ] GC(3) Old regions: 9->9
[2022-04-21T00:15:19.847-0400][gc,heap       ] GC(3) Humongous regions: 129->129
[2022-04-21T00:15:19.847-0400][gc,metaspace  ] GC(3) Metaspace: 30014K->30014K(1077248K)
[2022-04-21T00:15:19.847-0400][gc            ] GC(3) Pause Young (Normal) (G1 Evacuation Pause) 187M->140M(1024M) 3.201ms
[2022-04-21T00:15:19.847-0400][gc,cpu        ] GC(3) User=0.06s Sys=0.00s Real=0.00s
[2022-04-21T00:15:19.991-0400][gc,start      ] GC(4) Pause Young (Concurrent Start) (Metadata GC Threshold)
[2022-04-21T00:15:19.991-0400][gc,task       ] GC(4) Using 33 workers of 33 for evacuation
[2022-04-21T00:15:19.996-0400][gc,phases     ] GC(4)   Pre Evacuate Collection Set: 0.2ms
[2022-04-21T00:15:19.996-0400][gc,phases     ] GC(4)   Evacuate Collection Set: 4.3ms
[2022-04-21T00:15:19.996-0400][gc,phases     ] GC(4)   Post Evacuate Collection Set: 0.6ms
[2022-04-21T00:15:19.996-0400][gc,phases     ] GC(4)   Other: 0.8ms
[2022-04-21T00:15:19.996-0400][gc,heap       ] GC(4) Eden regions: 23->0(49)
[2022-04-21T00:15:19.996-0400][gc,heap       ] GC(4) Survivor regions: 5->2(7)
[2022-04-21T00:15:19.996-0400][gc,heap       ] GC(4) Old regions: 9->14
[2022-04-21T00:15:19.996-0400][gc,heap       ] GC(4) Humongous regions: 129->129
[2022-04-21T00:15:19.996-0400][gc,metaspace  ] GC(4) Metaspace: 34399K->34399K(1081344K)
[2022-04-21T00:15:19.996-0400][gc            ] GC(4) Pause Young (Concurrent Start) (Metadata GC Threshold) 162M->142M(1024M) 5.831ms
[2022-04-21T00:15:19.996-0400][gc,cpu        ] GC(4) User=0.11s Sys=0.00s Real=0.00s
[2022-04-21T00:15:19.996-0400][gc            ] GC(5) Concurrent Cycle
[2022-04-21T00:15:19.997-0400][gc,marking    ] GC(5) Concurrent Clear Claimed Marks
[2022-04-21T00:15:19.997-0400][gc,marking    ] GC(5) Concurrent Clear Claimed Marks 0.038ms
[2022-04-21T00:15:19.997-0400][gc,marking    ] GC(5) Concurrent Scan Root Regions
[2022-04-21T00:15:19.998-0400][gc,marking    ] GC(5) Concurrent Scan Root Regions 1.374ms
[2022-04-21T00:15:19.998-0400][gc,marking    ] GC(5) Concurrent Mark (1.405s)
[2022-04-21T00:15:19.998-0400][gc,marking    ] GC(5) Concurrent Mark From Roots
[2022-04-21T00:15:19.998-0400][gc,task       ] GC(5) Using 8 workers of 8 for marking
[2022-04-21T00:15:20.003-0400][gc,marking    ] GC(5) Concurrent Mark From Roots 5.046ms
[2022-04-21T00:15:20.003-0400][gc,marking    ] GC(5) Concurrent Preclean
[2022-04-21T00:15:20.003-0400][gc,marking    ] GC(5) Concurrent Preclean 0.311ms
[2022-04-21T00:15:20.003-0400][gc,marking    ] GC(5) Concurrent Mark (1.405s, 1.410s) 5.402ms
[2022-04-21T00:15:20.004-0400][gc,start      ] GC(5) Pause Remark
[2022-04-21T00:15:20.005-0400][gc,stringtable] GC(5) Cleaned string and symbol table, strings: 9718 processed, 12 removed, symbols: 79032 processed, 26 removed
[2022-04-21T00:15:20.006-0400][gc            ] GC(5) Pause Remark 143M->143M(1024M) 2.040ms
[2022-04-21T00:15:20.006-0400][gc,cpu        ] GC(5) User=0.04s Sys=0.00s Real=0.00s
[2022-04-21T00:15:20.006-0400][gc,marking    ] GC(5) Concurrent Rebuild Remembered Sets
[2022-04-21T00:15:20.008-0400][gc,marking    ] GC(5) Concurrent Rebuild Remembered Sets 2.462ms
[2022-04-21T00:15:20.008-0400][gc,start      ] GC(5) Pause Cleanup
[2022-04-21T00:15:20.008-0400][gc            ] GC(5) Pause Cleanup 143M->143M(1024M) 0.135ms
[2022-04-21T00:15:20.008-0400][gc,cpu        ] GC(5) User=0.00s Sys=0.00s Real=0.00s
[2022-04-21T00:15:20.008-0400][gc,marking    ] GC(5) Concurrent Cleanup for Next Mark
[2022-04-21T00:15:20.010-0400][gc,marking    ] GC(5) Concurrent Cleanup for Next Mark 1.316ms
[2022-04-21T00:15:20.010-0400][gc            ] GC(5) Concurrent Cycle 13.197ms
[2022-04-21T00:21:25.202-0400][gc,heap,exit  ] Heap
[2022-04-21T00:21:25.202-0400][gc,heap,exit  ]  garbage-first heap   total 1048576K, used 178515K [0x00000000c0000000, 0x0000000100000000)
[2022-04-21T00:21:25.202-0400][gc,heap,exit  ]   region size 1024K, 35 young (35840K), 2 survivors (2048K)
[2022-04-21T00:21:25.202-0400][gc,heap,exit  ]  Metaspace       used 36245K, capacity 37891K, committed 38092K, reserved 1081344K
[2022-04-21T00:21:25.202-0400][gc,heap,exit  ]   class space    used 4610K, capacity 5378K, committed 5504K, reserved 1048576K
