[2022-04-21T00:04:05.162-0400][gc,heap] Heap region size: 1M
[2022-04-21T00:04:05.171-0400][gc     ] Using G1
[2022-04-21T00:04:05.171-0400][gc,heap,coops] Heap address: 0x00000000c0000000, size: 1024 MB, Compressed Oops mode: 32-bit
[2022-04-21T00:04:05.171-0400][gc,cds       ] Mark closed archive regions in map: [0x00000000ffc00000, 0x00000000ffc6aff8]
[2022-04-21T00:04:05.171-0400][gc,cds       ] Mark open archive regions in map: [0x00000000ff800000, 0x00000000ff846ff8]
[2022-04-21T00:04:05.802-0400][gc,start     ] GC(0) Pause Young (Normal) (G1 Evacuation Pause)
[2022-04-21T00:04:05.804-0400][gc,task      ] GC(0) Using 24 workers of 33 for evacuation
[2022-04-21T00:04:05.814-0400][gc,phases    ] GC(0)   Pre Evacuate Collection Set: 0.0ms
[2022-04-21T00:04:05.814-0400][gc,phases    ] GC(0)   Evacuate Collection Set: 9.5ms
[2022-04-21T00:04:05.814-0400][gc,phases    ] GC(0)   Post Evacuate Collection Set: 0.5ms
[2022-04-21T00:04:05.814-0400][gc,phases    ] GC(0)   Other: 2.0ms
[2022-04-21T00:04:05.814-0400][gc,heap      ] GC(0) Eden regions: 51->0(44)
[2022-04-21T00:04:05.814-0400][gc,heap      ] GC(0) Survivor regions: 0->7(7)
[2022-04-21T00:04:05.814-0400][gc,heap      ] GC(0) Old regions: 2->2
[2022-04-21T00:04:05.814-0400][gc,heap      ] GC(0) Humongous regions: 0->0
[2022-04-21T00:04:05.814-0400][gc,metaspace ] GC(0) Metaspace: 15607K->15607K(1062912K)
[2022-04-21T00:04:05.814-0400][gc           ] GC(0) Pause Young (Normal) (G1 Evacuation Pause) 51M->7M(1024M) 12.028ms
[2022-04-21T00:04:05.814-0400][gc,cpu       ] GC(0) User=0.23s Sys=0.00s Real=0.01s
[2022-04-21T00:04:08.944-0400][gc,heap,exit ] Heap
[2022-04-21T00:04:08.944-0400][gc,heap,exit ]  garbage-first heap   total 1048576K, used 26633K [0x00000000c0000000, 0x0000000100000000)
[2022-04-21T00:04:08.944-0400][gc,heap,exit ]   region size 1024K, 27 young (27648K), 7 survivors (7168K)
[2022-04-21T00:04:08.944-0400][gc,heap,exit ]  Metaspace       used 20483K, capacity 21099K, committed 21248K, reserved 1067008K
[2022-04-21T00:04:08.944-0400][gc,heap,exit ]   class space    used 2734K, capacity 2989K, committed 3072K, reserved 1048576K
