[2022-04-21T00:22:45.506-0400][gc,heap] Heap region size: 1M
[2022-04-21T00:22:45.512-0400][gc     ] Using G1
[2022-04-21T00:22:45.512-0400][gc,heap,coops] Heap address: 0x00000000e0000000, size: 512 MB, Compressed Oops mode: 32-bit
[2022-04-21T00:22:45.512-0400][gc,cds       ] Mark closed archive regions in map: [0x00000000ffc00000, 0x00000000ffc6aff8]
[2022-04-21T00:22:45.512-0400][gc,cds       ] Mark open archive regions in map: [0x00000000ff800000, 0x00000000ff846ff8]
[2022-04-21T00:22:45.774-0400][gc,heap,exit ] Heap
[2022-04-21T00:22:45.774-0400][gc,heap,exit ]  garbage-first heap   total 524288K, used 19144K [0x00000000e0000000, 0x0000000100000000)
[2022-04-21T00:22:45.774-0400][gc,heap,exit ]   region size 1024K, 19 young (19456K), 0 survivors (0K)
[2022-04-21T00:22:45.774-0400][gc,heap,exit ]  Metaspace       used 6968K, capacity 7290K, committed 7552K, reserved 1056768K
[2022-04-21T00:22:45.774-0400][gc,heap,exit ]   class space    used 781K, capacity 885K, committed 896K, reserved 1048576K
